gpurun: job 253 on GPU(s) [1] [guaranteed] remaining budget 41.1h
/home/arnav22103/FederatedDeepGMM/fedgmm/sp_decentralized_mnist_lr_example/fedml/computing/scheduler/comm_utils/sys_utils.py:16: UserWarning: pkg_resources is deprecated as an API. See https://setuptools.pypa.io/en/latest/pkg_resources.html. The pkg_resources package is slated for removal as early as 2025-11-30. Refrain from using this package or pin to Setuptools<81.
  from pkg_resources import parse_version
[FedML-Client @device-id-0] [Wed, 15 Jul 2026 15:52:26] [INFO] [__init__.py:163:init] args.rank = 0, args.worker_num = 10
[FedML-Client @device-id-0] [Wed, 15 Jul 2026 15:52:26] [INFO] [main.py:13:<module>] DEBUG: fedml.init() successful.
[FedML-Client @device-id-0] [Wed, 15 Jul 2026 15:52:26] [INFO] [main.py:13:<module>] 

[FedML-Client @device-id-0] [Wed, 15 Jul 2026 15:52:27] [INFO] [ml_engine_adapter.py:147:get_torch_device] args = <fedml.arguments.Arguments object at 0x7ccd1f55b070>, using_gpu = True, device_id = 0, device_type = gpu
[FedML-Client @device-id-0] [Wed, 15 Jul 2026 15:52:27] [INFO] [device.py:48:get_device] device = cuda:0
[FedML-Client @device-id-0] [Wed, 15 Jul 2026 15:52:27] [INFO] [data_loader.py:389:load_synthetic_data] load_data. dataset_name = step
[FedML-Client @device-id-0] [Wed, 15 Jul 2026 15:52:27] [INFO] [data_loader.py:299:load_partition_data_mnist] Loading scenario from: data/zoo/step.npz
[FedML-Client @device-id-0] [Wed, 15 Jul 2026 15:52:27] [INFO] [abstract_scenario.py:116:info] test
[FedML-Client @device-id-0] [Wed, 15 Jul 2026 15:52:27] [INFO] [abstract_scenario.py:116:info] 

[FedML-Client @device-id-0] [Wed, 15 Jul 2026 15:52:27] [INFO] [abstract_scenario.py:31:info]   x:
[FedML-Client @device-id-0] [Wed, 15 Jul 2026 15:52:27] [INFO] [abstract_scenario.py:31:info]  
[FedML-Client @device-id-0] [Wed, 15 Jul 2026 15:52:27] [INFO] [abstract_scenario.py:31:info] ndarray
[FedML-Client @device-id-0] [Wed, 15 Jul 2026 15:52:27] [INFO] [abstract_scenario.py:31:info]  
[FedML-Client @device-id-0] [Wed, 15 Jul 2026 15:52:27] [INFO] [abstract_scenario.py:31:info] (float64): 
[FedML-Client @device-id-0] [Wed, 15 Jul 2026 15:52:27] [INFO] [abstract_scenario.py:31:info]  
[FedML-Client @device-id-0] [Wed, 15 Jul 2026 15:52:27] [INFO] [abstract_scenario.py:31:info] 20000x1
[FedML-Client @device-id-0] [Wed, 15 Jul 2026 15:52:27] [INFO] [abstract_scenario.py:31:info] 

[FedML-Client @device-id-0] [Wed, 15 Jul 2026 15:52:27] [INFO] [abstract_scenario.py:31:info]   z:
[FedML-Client @device-id-0] [Wed, 15 Jul 2026 15:52:27] [INFO] [abstract_scenario.py:31:info]  
[FedML-Client @device-id-0] [Wed, 15 Jul 2026 15:52:27] [INFO] [abstract_scenario.py:31:info] ndarray
[FedML-Client @device-id-0] [Wed, 15 Jul 2026 15:52:27] [INFO] [abstract_scenario.py:31:info]  
[FedML-Client @device-id-0] [Wed, 15 Jul 2026 15:52:27] [INFO] [abstract_scenario.py:31:info] (float64): 
[FedML-Client @device-id-0] [Wed, 15 Jul 2026 15:52:27] [INFO] [abstract_scenario.py:31:info]  
[FedML-Client @device-id-0] [Wed, 15 Jul 2026 15:52:27] [INFO] [abstract_scenario.py:31:info] 20000x2
[FedML-Client @device-id-0] [Wed, 15 Jul 2026 15:52:27] [INFO] [abstract_scenario.py:31:info] 

[FedML-Client @device-id-0] [Wed, 15 Jul 2026 15:52:27] [INFO] [abstract_scenario.py:31:info]   y:
[FedML-Client @device-id-0] [Wed, 15 Jul 2026 15:52:27] [INFO] [abstract_scenario.py:31:info]  
[FedML-Client @device-id-0] [Wed, 15 Jul 2026 15:52:27] [INFO] [abstract_scenario.py:31:info] ndarray
[FedML-Client @device-id-0] [Wed, 15 Jul 2026 15:52:27] [INFO] [abstract_scenario.py:31:info]  
[FedML-Client @device-id-0] [Wed, 15 Jul 2026 15:52:27] [INFO] [abstract_scenario.py:31:info] (float64): 
[FedML-Client @device-id-0] [Wed, 15 Jul 2026 15:52:27] [INFO] [abstract_scenario.py:31:info]  
[FedML-Client @device-id-0] [Wed, 15 Jul 2026 15:52:27] [INFO] [abstract_scenario.py:31:info] 20000x1
[FedML-Client @device-id-0] [Wed, 15 Jul 2026 15:52:27] [INFO] [abstract_scenario.py:31:info] 

[FedML-Client @device-id-0] [Wed, 15 Jul 2026 15:52:27] [INFO] [abstract_scenario.py:31:info]   g:
[FedML-Client @device-id-0] [Wed, 15 Jul 2026 15:52:27] [INFO] [abstract_scenario.py:31:info]  
[FedML-Client @device-id-0] [Wed, 15 Jul 2026 15:52:27] [INFO] [abstract_scenario.py:31:info] ndarray
[FedML-Client @device-id-0] [Wed, 15 Jul 2026 15:52:27] [INFO] [abstract_scenario.py:31:info]  
[FedML-Client @device-id-0] [Wed, 15 Jul 2026 15:52:27] [INFO] [abstract_scenario.py:31:info] (float64): 
[FedML-Client @device-id-0] [Wed, 15 Jul 2026 15:52:27] [INFO] [abstract_scenario.py:31:info]  
[FedML-Client @device-id-0] [Wed, 15 Jul 2026 15:52:27] [INFO] [abstract_scenario.py:31:info] 20000x1
[FedML-Client @device-id-0] [Wed, 15 Jul 2026 15:52:27] [INFO] [abstract_scenario.py:31:info] 

[FedML-Client @device-id-0] [Wed, 15 Jul 2026 15:52:27] [INFO] [abstract_scenario.py:31:info]   w:
[FedML-Client @device-id-0] [Wed, 15 Jul 2026 15:52:27] [INFO] [abstract_scenario.py:31:info]  
[FedML-Client @device-id-0] [Wed, 15 Jul 2026 15:52:27] [INFO] [abstract_scenario.py:31:info] ndarray
[FedML-Client @device-id-0] [Wed, 15 Jul 2026 15:52:27] [INFO] [abstract_scenario.py:31:info]  
[FedML-Client @device-id-0] [Wed, 15 Jul 2026 15:52:27] [INFO] [abstract_scenario.py:31:info] (float64): 
[FedML-Client @device-id-0] [Wed, 15 Jul 2026 15:52:27] [INFO] [abstract_scenario.py:31:info]  
[FedML-Client @device-id-0] [Wed, 15 Jul 2026 15:52:27] [INFO] [abstract_scenario.py:31:info] 20000x1
[FedML-Client @device-id-0] [Wed, 15 Jul 2026 15:52:27] [INFO] [abstract_scenario.py:31:info] 

[FedML-Client @device-id-0] [Wed, 15 Jul 2026 15:52:27] [INFO] [abstract_scenario.py:116:info] train
[FedML-Client @device-id-0] [Wed, 15 Jul 2026 15:52:27] [INFO] [abstract_scenario.py:116:info] 

[FedML-Client @device-id-0] [Wed, 15 Jul 2026 15:52:27] [INFO] [abstract_scenario.py:31:info]   x:
[FedML-Client @device-id-0] [Wed, 15 Jul 2026 15:52:27] [INFO] [abstract_scenario.py:31:info]  
[FedML-Client @device-id-0] [Wed, 15 Jul 2026 15:52:27] [INFO] [abstract_scenario.py:31:info] ndarray
[FedML-Client @device-id-0] [Wed, 15 Jul 2026 15:52:27] [INFO] [abstract_scenario.py:31:info]  
[FedML-Client @device-id-0] [Wed, 15 Jul 2026 15:52:27] [INFO] [abstract_scenario.py:31:info] (float64): 
[FedML-Client @device-id-0] [Wed, 15 Jul 2026 15:52:27] [INFO] [abstract_scenario.py:31:info]  
[FedML-Client @device-id-0] [Wed, 15 Jul 2026 15:52:27] [INFO] [abstract_scenario.py:31:info] 20000x1
[FedML-Client @device-id-0] [Wed, 15 Jul 2026 15:52:27] [INFO] [abstract_scenario.py:31:info] 

[FedML-Client @device-id-0] [Wed, 15 Jul 2026 15:52:27] [INFO] [abstract_scenario.py:33:info]       min: -6.13
[FedML-Client @device-id-0] [Wed, 15 Jul 2026 15:52:27] [INFO] [abstract_scenario.py:33:info]  
[FedML-Client @device-id-0] [Wed, 15 Jul 2026 15:52:27] [INFO] [abstract_scenario.py:33:info] , max: 5.79
[FedML-Client @device-id-0] [Wed, 15 Jul 2026 15:52:27] [INFO] [abstract_scenario.py:33:info] 

[FedML-Client @device-id-0] [Wed, 15 Jul 2026 15:52:27] [INFO] [abstract_scenario.py:31:info]   z:
[FedML-Client @device-id-0] [Wed, 15 Jul 2026 15:52:27] [INFO] [abstract_scenario.py:31:info]  
[FedML-Client @device-id-0] [Wed, 15 Jul 2026 15:52:27] [INFO] [abstract_scenario.py:31:info] ndarray
[FedML-Client @device-id-0] [Wed, 15 Jul 2026 15:52:27] [INFO] [abstract_scenario.py:31:info]  
[FedML-Client @device-id-0] [Wed, 15 Jul 2026 15:52:27] [INFO] [abstract_scenario.py:31:info] (float64): 
[FedML-Client @device-id-0] [Wed, 15 Jul 2026 15:52:27] [INFO] [abstract_scenario.py:31:info]  
[FedML-Client @device-id-0] [Wed, 15 Jul 2026 15:52:27] [INFO] [abstract_scenario.py:31:info] 20000x2
[FedML-Client @device-id-0] [Wed, 15 Jul 2026 15:52:27] [INFO] [abstract_scenario.py:31:info] 

[FedML-Client @device-id-0] [Wed, 15 Jul 2026 15:52:27] [INFO] [abstract_scenario.py:33:info]       min: -3.00
[FedML-Client @device-id-0] [Wed, 15 Jul 2026 15:52:27] [INFO] [abstract_scenario.py:33:info]  
[FedML-Client @device-id-0] [Wed, 15 Jul 2026 15:52:27] [INFO] [abstract_scenario.py:33:info] , max: 3.00
[FedML-Client @device-id-0] [Wed, 15 Jul 2026 15:52:27] [INFO] [abstract_scenario.py:33:info] 

[FedML-Client @device-id-0] [Wed, 15 Jul 2026 15:52:27] [INFO] [abstract_scenario.py:31:info]   y:
[FedML-Client @device-id-0] [Wed, 15 Jul 2026 15:52:27] [INFO] [abstract_scenario.py:31:info]  
[FedML-Client @device-id-0] [Wed, 15 Jul 2026 15:52:27] [INFO] [abstract_scenario.py:31:info] ndarray
[FedML-Client @device-id-0] [Wed, 15 Jul 2026 15:52:27] [INFO] [abstract_scenario.py:31:info]  
[FedML-Client @device-id-0] [Wed, 15 Jul 2026 15:52:27] [INFO] [abstract_scenario.py:31:info] (float64): 
[FedML-Client @device-id-0] [Wed, 15 Jul 2026 15:52:27] [INFO] [abstract_scenario.py:31:info]  
[FedML-Client @device-id-0] [Wed, 15 Jul 2026 15:52:27] [INFO] [abstract_scenario.py:31:info] 20000x1
[FedML-Client @device-id-0] [Wed, 15 Jul 2026 15:52:27] [INFO] [abstract_scenario.py:31:info] 

[FedML-Client @device-id-0] [Wed, 15 Jul 2026 15:52:27] [INFO] [abstract_scenario.py:33:info]       min: -4.02
[FedML-Client @device-id-0] [Wed, 15 Jul 2026 15:52:27] [INFO] [abstract_scenario.py:33:info]  
[FedML-Client @device-id-0] [Wed, 15 Jul 2026 15:52:27] [INFO] [abstract_scenario.py:33:info] , max: 3.69
[FedML-Client @device-id-0] [Wed, 15 Jul 2026 15:52:27] [INFO] [abstract_scenario.py:33:info] 

[FedML-Client @device-id-0] [Wed, 15 Jul 2026 15:52:27] [INFO] [abstract_scenario.py:31:info]   g:
[FedML-Client @device-id-0] [Wed, 15 Jul 2026 15:52:27] [INFO] [abstract_scenario.py:31:info]  
[FedML-Client @device-id-0] [Wed, 15 Jul 2026 15:52:27] [INFO] [abstract_scenario.py:31:info] ndarray
[FedML-Client @device-id-0] [Wed, 15 Jul 2026 15:52:27] [INFO] [abstract_scenario.py:31:info]  
[FedML-Client @device-id-0] [Wed, 15 Jul 2026 15:52:27] [INFO] [abstract_scenario.py:31:info] (float64): 
[FedML-Client @device-id-0] [Wed, 15 Jul 2026 15:52:27] [INFO] [abstract_scenario.py:31:info]  
[FedML-Client @device-id-0] [Wed, 15 Jul 2026 15:52:27] [INFO] [abstract_scenario.py:31:info] 20000x1
[FedML-Client @device-id-0] [Wed, 15 Jul 2026 15:52:27] [INFO] [abstract_scenario.py:31:info] 

[FedML-Client @device-id-0] [Wed, 15 Jul 2026 15:52:27] [INFO] [abstract_scenario.py:33:info]       min: -0.31
[FedML-Client @device-id-0] [Wed, 15 Jul 2026 15:52:27] [INFO] [abstract_scenario.py:33:info]  
[FedML-Client @device-id-0] [Wed, 15 Jul 2026 15:52:27] [INFO] [abstract_scenario.py:33:info] , max: 0.32
[FedML-Client @device-id-0] [Wed, 15 Jul 2026 15:52:27] [INFO] [abstract_scenario.py:33:info] 

[FedML-Client @device-id-0] [Wed, 15 Jul 2026 15:52:27] [INFO] [abstract_scenario.py:31:info]   w:
[FedML-Client @device-id-0] [Wed, 15 Jul 2026 15:52:27] [INFO] [abstract_scenario.py:31:info]  
[FedML-Client @device-id-0] [Wed, 15 Jul 2026 15:52:27] [INFO] [abstract_scenario.py:31:info] ndarray
[FedML-Client @device-id-0] [Wed, 15 Jul 2026 15:52:27] [INFO] [abstract_scenario.py:31:info]  
[FedML-Client @device-id-0] [Wed, 15 Jul 2026 15:52:27] [INFO] [abstract_scenario.py:31:info] (float64): 
[FedML-Client @device-id-0] [Wed, 15 Jul 2026 15:52:27] [INFO] [abstract_scenario.py:31:info]  
[FedML-Client @device-id-0] [Wed, 15 Jul 2026 15:52:27] [INFO] [abstract_scenario.py:31:info] 20000x1
[FedML-Client @device-id-0] [Wed, 15 Jul 2026 15:52:27] [INFO] [abstract_scenario.py:31:info] 

[FedML-Client @device-id-0] [Wed, 15 Jul 2026 15:52:27] [INFO] [abstract_scenario.py:33:info]       min: -6.13
[FedML-Client @device-id-0] [Wed, 15 Jul 2026 15:52:27] [INFO] [abstract_scenario.py:33:info]  
[FedML-Client @device-id-0] [Wed, 15 Jul 2026 15:52:27] [INFO] [abstract_scenario.py:33:info] , max: 5.79
[FedML-Client @device-id-0] [Wed, 15 Jul 2026 15:52:27] [INFO] [abstract_scenario.py:33:info] 

[FedML-Client @device-id-0] [Wed, 15 Jul 2026 15:52:27] [INFO] [abstract_scenario.py:116:info] dev
[FedML-Client @device-id-0] [Wed, 15 Jul 2026 15:52:27] [INFO] [abstract_scenario.py:116:info] 

[FedML-Client @device-id-0] [Wed, 15 Jul 2026 15:52:27] [INFO] [abstract_scenario.py:31:info]   x:
[FedML-Client @device-id-0] [Wed, 15 Jul 2026 15:52:27] [INFO] [abstract_scenario.py:31:info]  
[FedML-Client @device-id-0] [Wed, 15 Jul 2026 15:52:27] [INFO] [abstract_scenario.py:31:info] ndarray
[FedML-Client @device-id-0] [Wed, 15 Jul 2026 15:52:27] [INFO] [abstract_scenario.py:31:info]  
[FedML-Client @device-id-0] [Wed, 15 Jul 2026 15:52:27] [INFO] [abstract_scenario.py:31:info] (float64): 
[FedML-Client @device-id-0] [Wed, 15 Jul 2026 15:52:27] [INFO] [abstract_scenario.py:31:info]  
[FedML-Client @device-id-0] [Wed, 15 Jul 2026 15:52:27] [INFO] [abstract_scenario.py:31:info] 20000x1
[FedML-Client @device-id-0] [Wed, 15 Jul 2026 15:52:27] [INFO] [abstract_scenario.py:31:info] 

[FedML-Client @device-id-0] [Wed, 15 Jul 2026 15:52:27] [INFO] [abstract_scenario.py:31:info]   z:
[FedML-Client @device-id-0] [Wed, 15 Jul 2026 15:52:27] [INFO] [abstract_scenario.py:31:info]  
[FedML-Client @device-id-0] [Wed, 15 Jul 2026 15:52:27] [INFO] [abstract_scenario.py:31:info] ndarray
[FedML-Client @device-id-0] [Wed, 15 Jul 2026 15:52:27] [INFO] [abstract_scenario.py:31:info]  
[FedML-Client @device-id-0] [Wed, 15 Jul 2026 15:52:27] [INFO] [abstract_scenario.py:31:info] (float64): 
[FedML-Client @device-id-0] [Wed, 15 Jul 2026 15:52:27] [INFO] [abstract_scenario.py:31:info]  
[FedML-Client @device-id-0] [Wed, 15 Jul 2026 15:52:27] [INFO] [abstract_scenario.py:31:info] 20000x2
[FedML-Client @device-id-0] [Wed, 15 Jul 2026 15:52:27] [INFO] [abstract_scenario.py:31:info] 

[FedML-Client @device-id-0] [Wed, 15 Jul 2026 15:52:27] [INFO] [abstract_scenario.py:31:info]   y:
[FedML-Client @device-id-0] [Wed, 15 Jul 2026 15:52:27] [INFO] [abstract_scenario.py:31:info]  
[FedML-Client @device-id-0] [Wed, 15 Jul 2026 15:52:27] [INFO] [abstract_scenario.py:31:info] ndarray
[FedML-Client @device-id-0] [Wed, 15 Jul 2026 15:52:27] [INFO] [abstract_scenario.py:31:info]  
[FedML-Client @device-id-0] [Wed, 15 Jul 2026 15:52:27] [INFO] [abstract_scenario.py:31:info] (float64): 
[FedML-Client @device-id-0] [Wed, 15 Jul 2026 15:52:27] [INFO] [abstract_scenario.py:31:info]  
[FedML-Client @device-id-0] [Wed, 15 Jul 2026 15:52:27] [INFO] [abstract_scenario.py:31:info] 20000x1
[FedML-Client @device-id-0] [Wed, 15 Jul 2026 15:52:27] [INFO] [abstract_scenario.py:31:info] 

[FedML-Client @device-id-0] [Wed, 15 Jul 2026 15:52:27] [INFO] [abstract_scenario.py:31:info]   g:
[FedML-Client @device-id-0] [Wed, 15 Jul 2026 15:52:27] [INFO] [abstract_scenario.py:31:info]  
[FedML-Client @device-id-0] [Wed, 15 Jul 2026 15:52:27] [INFO] [abstract_scenario.py:31:info] ndarray
[FedML-Client @device-id-0] [Wed, 15 Jul 2026 15:52:27] [INFO] [abstract_scenario.py:31:info]  
[FedML-Client @device-id-0] [Wed, 15 Jul 2026 15:52:27] [INFO] [abstract_scenario.py:31:info] (float64): 
[FedML-Client @device-id-0] [Wed, 15 Jul 2026 15:52:27] [INFO] [abstract_scenario.py:31:info]  
[FedML-Client @device-id-0] [Wed, 15 Jul 2026 15:52:27] [INFO] [abstract_scenario.py:31:info] 20000x1
[FedML-Client @device-id-0] [Wed, 15 Jul 2026 15:52:27] [INFO] [abstract_scenario.py:31:info] 

[FedML-Client @device-id-0] [Wed, 15 Jul 2026 15:52:27] [INFO] [abstract_scenario.py:31:info]   w:
[FedML-Client @device-id-0] [Wed, 15 Jul 2026 15:52:27] [INFO] [abstract_scenario.py:31:info]  
[FedML-Client @device-id-0] [Wed, 15 Jul 2026 15:52:27] [INFO] [abstract_scenario.py:31:info] ndarray
[FedML-Client @device-id-0] [Wed, 15 Jul 2026 15:52:27] [INFO] [abstract_scenario.py:31:info]  
[FedML-Client @device-id-0] [Wed, 15 Jul 2026 15:52:27] [INFO] [abstract_scenario.py:31:info] (float64): 
[FedML-Client @device-id-0] [Wed, 15 Jul 2026 15:52:27] [INFO] [abstract_scenario.py:31:info]  
[FedML-Client @device-id-0] [Wed, 15 Jul 2026 15:52:27] [INFO] [abstract_scenario.py:31:info] 20000x1
[FedML-Client @device-id-0] [Wed, 15 Jul 2026 15:52:27] [INFO] [abstract_scenario.py:31:info] 

[FedML-Client @device-id-0] [Wed, 15 Jul 2026 15:52:28] [INFO] [model_hub.py:25:create] create_model. model_name = lr, output_dim = 1, dataset = step
[FedML-Client @device-id-0] [Wed, 15 Jul 2026 15:52:28] [INFO] [model_hub.py:28:create] MLPModel + DeepGMM for Zoo dataset: step
[FedML-Client @device-id-0] [Wed, 15 Jul 2026 15:52:28] [INFO] [fedavg_api.py:170:__init__] model = [[MLPModel(
  (model): Sequential(
    (0): Linear(in_features=1, out_features=20, bias=True)
    (1): LeakyReLU(negative_slope=0.01)
    (2): Linear(in_features=20, out_features=20, bias=True)
    (3): LeakyReLU(negative_slope=0.01)
    (4): Linear(in_features=20, out_features=1, bias=True)
  )
)], [MLPModel(
  (model): Sequential(
    (0): Linear(in_features=2, out_features=20, bias=True)
    (1): LeakyReLU(negative_slope=0.01)
    (2): Linear(in_features=20, out_features=20, bias=True)
    (3): LeakyReLU(negative_slope=0.01)
    (4): Linear(in_features=20, out_features=1, bias=True)
  )
)], [MLPModel(
  (model): Sequential(
    (0): Linear(in_features=1, out_features=20, bias=True)
    (1): LeakyReLU(negative_slope=0.01)
    (2): Linear(in_features=20, out_features=20, bias=True)
    (3): LeakyReLU(negative_slope=0.01)
    (4): Linear(in_features=20, out_features=1, bias=True)
  )
)]]
[FedML-Client @device-id-0] [Wed, 15 Jul 2026 15:52:28] [INFO] [model_selection_class.py:41:do_model_selection] starting learning args eval 0
[FedML-Client @device-id-0] [Wed, 15 Jul 2026 15:52:28] [INFO] [model_selection_class.py:41:do_model_selection] 

[FedML-Client @device-id-0] [Wed, 15 Jul 2026 15:52:50] [INFO] [model_selection_class.py:71:do_model_selection] learning eval:
[FedML-Client @device-id-0] [Wed, 15 Jul 2026 15:52:50] [INFO] [model_selection_class.py:71:do_model_selection]  
[FedML-Client @device-id-0] [Wed, 15 Jul 2026 15:52:50] [INFO] [model_selection_class.py:71:do_model_selection] -0.00013061794647227856
[FedML-Client @device-id-0] [Wed, 15 Jul 2026 15:52:50] [INFO] [model_selection_class.py:71:do_model_selection]  
[FedML-Client @device-id-0] [Wed, 15 Jul 2026 15:52:50] [INFO] [model_selection_class.py:71:do_model_selection] OptimalObjective::lambda_1=0.100000
[FedML-Client @device-id-0] [Wed, 15 Jul 2026 15:52:50] [INFO] [model_selection_class.py:71:do_model_selection]  
[FedML-Client @device-id-0] [Wed, 15 Jul 2026 15:52:50] [INFO] [model_selection_class.py:71:do_model_selection] OGDA:::'lr'=0.01
[FedML-Client @device-id-0] [Wed, 15 Jul 2026 15:52:50] [INFO] [model_selection_class.py:71:do_model_selection]  
[FedML-Client @device-id-0] [Wed, 15 Jul 2026 15:52:50] [INFO] [model_selection_class.py:71:do_model_selection] OGDA:::'lr'=0.15
[FedML-Client @device-id-0] [Wed, 15 Jul 2026 15:52:50] [INFO] [model_selection_class.py:71:do_model_selection] 

[FedML-Client @device-id-0] [Wed, 15 Jul 2026 15:52:50] [INFO] [model_selection_class.py:90:do_model_selection] size of f_z collection:
[FedML-Client @device-id-0] [Wed, 15 Jul 2026 15:52:50] [INFO] [model_selection_class.py:90:do_model_selection]  
[FedML-Client @device-id-0] [Wed, 15 Jul 2026 15:52:50] [INFO] [model_selection_class.py:90:do_model_selection] 120
[FedML-Client @device-id-0] [Wed, 15 Jul 2026 15:52:50] [INFO] [model_selection_class.py:90:do_model_selection] 

[FedML-Client @device-id-0] [Wed, 15 Jul 2026 15:52:50] [INFO] [fedavg_api.py:379:_setup_clients] ############setup_clients (START)#############
[FedML-Client @device-id-0] [Wed, 15 Jul 2026 15:52:50] [INFO] [fedavg_api.py:396:_setup_clients] ############setup_clients (END)#############
[FedML-Client @device-id-0] [Wed, 15 Jul 2026 16:13:26] [INFO] [fedavg_api.py:690:train] MSE on test ------------------------------>>>>>>>>>>>>>>>>>>
[FedML-Client @device-id-0] [Wed, 15 Jul 2026 16:13:26] [INFO] [fedavg_api.py:690:train]  
[FedML-Client @device-id-0] [Wed, 15 Jul 2026 16:13:26] [INFO] [fedavg_api.py:690:train] 0.013467857625317697
[FedML-Client @device-id-0] [Wed, 15 Jul 2026 16:13:26] [INFO] [fedavg_api.py:690:train] 

DEBUG: Calling fedml.init()...
/home/arnav22103/FederatedDeepGMM/fedgmm/sp_decentralized_mnist_lr_example/fedml/computing/scheduler/comm_utils/sys_utils.py:16: UserWarning: pkg_resources is deprecated as an API. See https://setuptools.pypa.io/en/latest/pkg_resources.html. The pkg_resources package is slated for removal as early as 2025-11-30. Refrain from using this package or pin to Setuptools<81.
  from pkg_resources import parse_version
[FedML-Client @device-id-0] [Wed, 15 Jul 2026 16:13:33] [INFO] [__init__.py:163:init] args.rank = 0, args.worker_num = 10
[FedML-Client @device-id-0] [Wed, 15 Jul 2026 16:13:33] [INFO] [main.py:13:<module>] DEBUG: fedml.init() successful.
[FedML-Client @device-id-0] [Wed, 15 Jul 2026 16:13:33] [INFO] [main.py:13:<module>] 

[FedML-Client @device-id-0] [Wed, 15 Jul 2026 16:13:34] [INFO] [ml_engine_adapter.py:147:get_torch_device] args = <fedml.arguments.Arguments object at 0x72c6e0d5f070>, using_gpu = True, device_id = 0, device_type = gpu
[FedML-Client @device-id-0] [Wed, 15 Jul 2026 16:13:34] [INFO] [device.py:48:get_device] device = cuda:0
[FedML-Client @device-id-0] [Wed, 15 Jul 2026 16:13:34] [INFO] [data_loader.py:389:load_synthetic_data] load_data. dataset_name = step
[FedML-Client @device-id-0] [Wed, 15 Jul 2026 16:13:34] [INFO] [data_loader.py:299:load_partition_data_mnist] Loading scenario from: data/zoo/step.npz
[FedML-Client @device-id-0] [Wed, 15 Jul 2026 16:13:34] [INFO] [abstract_scenario.py:116:info] test
[FedML-Client @device-id-0] [Wed, 15 Jul 2026 16:13:34] [INFO] [abstract_scenario.py:116:info] 

[FedML-Client @device-id-0] [Wed, 15 Jul 2026 16:13:34] [INFO] [abstract_scenario.py:31:info]   x:
[FedML-Client @device-id-0] [Wed, 15 Jul 2026 16:13:34] [INFO] [abstract_scenario.py:31:info]  
[FedML-Client @device-id-0] [Wed, 15 Jul 2026 16:13:34] [INFO] [abstract_scenario.py:31:info] ndarray
[FedML-Client @device-id-0] [Wed, 15 Jul 2026 16:13:34] [INFO] [abstract_scenario.py:31:info]  
[FedML-Client @device-id-0] [Wed, 15 Jul 2026 16:13:34] [INFO] [abstract_scenario.py:31:info] (float64): 
[FedML-Client @device-id-0] [Wed, 15 Jul 2026 16:13:34] [INFO] [abstract_scenario.py:31:info]  
[FedML-Client @device-id-0] [Wed, 15 Jul 2026 16:13:34] [INFO] [abstract_scenario.py:31:info] 20000x1
[FedML-Client @device-id-0] [Wed, 15 Jul 2026 16:13:34] [INFO] [abstract_scenario.py:31:info] 

[FedML-Client @device-id-0] [Wed, 15 Jul 2026 16:13:34] [INFO] [abstract_scenario.py:31:info]   z:
[FedML-Client @device-id-0] [Wed, 15 Jul 2026 16:13:34] [INFO] [abstract_scenario.py:31:info]  
[FedML-Client @device-id-0] [Wed, 15 Jul 2026 16:13:34] [INFO] [abstract_scenario.py:31:info] ndarray
[FedML-Client @device-id-0] [Wed, 15 Jul 2026 16:13:34] [INFO] [abstract_scenario.py:31:info]  
[FedML-Client @device-id-0] [Wed, 15 Jul 2026 16:13:34] [INFO] [abstract_scenario.py:31:info] (float64): 
[FedML-Client @device-id-0] [Wed, 15 Jul 2026 16:13:34] [INFO] [abstract_scenario.py:31:info]  
[FedML-Client @device-id-0] [Wed, 15 Jul 2026 16:13:34] [INFO] [abstract_scenario.py:31:info] 20000x2
[FedML-Client @device-id-0] [Wed, 15 Jul 2026 16:13:34] [INFO] [abstract_scenario.py:31:info] 

[FedML-Client @device-id-0] [Wed, 15 Jul 2026 16:13:34] [INFO] [abstract_scenario.py:31:info]   y:
[FedML-Client @device-id-0] [Wed, 15 Jul 2026 16:13:34] [INFO] [abstract_scenario.py:31:info]  
[FedML-Client @device-id-0] [Wed, 15 Jul 2026 16:13:34] [INFO] [abstract_scenario.py:31:info] ndarray
[FedML-Client @device-id-0] [Wed, 15 Jul 2026 16:13:34] [INFO] [abstract_scenario.py:31:info]  
[FedML-Client @device-id-0] [Wed, 15 Jul 2026 16:13:34] [INFO] [abstract_scenario.py:31:info] (float64): 
[FedML-Client @device-id-0] [Wed, 15 Jul 2026 16:13:34] [INFO] [abstract_scenario.py:31:info]  
[FedML-Client @device-id-0] [Wed, 15 Jul 2026 16:13:34] [INFO] [abstract_scenario.py:31:info] 20000x1
[FedML-Client @device-id-0] [Wed, 15 Jul 2026 16:13:34] [INFO] [abstract_scenario.py:31:info] 

[FedML-Client @device-id-0] [Wed, 15 Jul 2026 16:13:34] [INFO] [abstract_scenario.py:31:info]   g:
[FedML-Client @device-id-0] [Wed, 15 Jul 2026 16:13:34] [INFO] [abstract_scenario.py:31:info]  
[FedML-Client @device-id-0] [Wed, 15 Jul 2026 16:13:34] [INFO] [abstract_scenario.py:31:info] ndarray
[FedML-Client @device-id-0] [Wed, 15 Jul 2026 16:13:34] [INFO] [abstract_scenario.py:31:info]  
[FedML-Client @device-id-0] [Wed, 15 Jul 2026 16:13:34] [INFO] [abstract_scenario.py:31:info] (float64): 
[FedML-Client @device-id-0] [Wed, 15 Jul 2026 16:13:34] [INFO] [abstract_scenario.py:31:info]  
[FedML-Client @device-id-0] [Wed, 15 Jul 2026 16:13:34] [INFO] [abstract_scenario.py:31:info] 20000x1
[FedML-Client @device-id-0] [Wed, 15 Jul 2026 16:13:34] [INFO] [abstract_scenario.py:31:info] 

[FedML-Client @device-id-0] [Wed, 15 Jul 2026 16:13:34] [INFO] [abstract_scenario.py:31:info]   w:
[FedML-Client @device-id-0] [Wed, 15 Jul 2026 16:13:34] [INFO] [abstract_scenario.py:31:info]  
[FedML-Client @device-id-0] [Wed, 15 Jul 2026 16:13:34] [INFO] [abstract_scenario.py:31:info] ndarray
[FedML-Client @device-id-0] [Wed, 15 Jul 2026 16:13:34] [INFO] [abstract_scenario.py:31:info]  
[FedML-Client @device-id-0] [Wed, 15 Jul 2026 16:13:34] [INFO] [abstract_scenario.py:31:info] (float64): 
[FedML-Client @device-id-0] [Wed, 15 Jul 2026 16:13:34] [INFO] [abstract_scenario.py:31:info]  
[FedML-Client @device-id-0] [Wed, 15 Jul 2026 16:13:34] [INFO] [abstract_scenario.py:31:info] 20000x1
[FedML-Client @device-id-0] [Wed, 15 Jul 2026 16:13:34] [INFO] [abstract_scenario.py:31:info] 

[FedML-Client @device-id-0] [Wed, 15 Jul 2026 16:13:34] [INFO] [abstract_scenario.py:116:info] train
[FedML-Client @device-id-0] [Wed, 15 Jul 2026 16:13:34] [INFO] [abstract_scenario.py:116:info] 

[FedML-Client @device-id-0] [Wed, 15 Jul 2026 16:13:34] [INFO] [abstract_scenario.py:31:info]   x:
[FedML-Client @device-id-0] [Wed, 15 Jul 2026 16:13:34] [INFO] [abstract_scenario.py:31:info]  
[FedML-Client @device-id-0] [Wed, 15 Jul 2026 16:13:34] [INFO] [abstract_scenario.py:31:info] ndarray
[FedML-Client @device-id-0] [Wed, 15 Jul 2026 16:13:34] [INFO] [abstract_scenario.py:31:info]  
[FedML-Client @device-id-0] [Wed, 15 Jul 2026 16:13:34] [INFO] [abstract_scenario.py:31:info] (float64): 
[FedML-Client @device-id-0] [Wed, 15 Jul 2026 16:13:34] [INFO] [abstract_scenario.py:31:info]  
[FedML-Client @device-id-0] [Wed, 15 Jul 2026 16:13:34] [INFO] [abstract_scenario.py:31:info] 20000x1
[FedML-Client @device-id-0] [Wed, 15 Jul 2026 16:13:34] [INFO] [abstract_scenario.py:31:info] 

[FedML-Client @device-id-0] [Wed, 15 Jul 2026 16:13:34] [INFO] [abstract_scenario.py:33:info]       min: -6.13
[FedML-Client @device-id-0] [Wed, 15 Jul 2026 16:13:34] [INFO] [abstract_scenario.py:33:info]  
[FedML-Client @device-id-0] [Wed, 15 Jul 2026 16:13:34] [INFO] [abstract_scenario.py:33:info] , max: 5.79
[FedML-Client @device-id-0] [Wed, 15 Jul 2026 16:13:34] [INFO] [abstract_scenario.py:33:info] 

[FedML-Client @device-id-0] [Wed, 15 Jul 2026 16:13:34] [INFO] [abstract_scenario.py:31:info]   z:
[FedML-Client @device-id-0] [Wed, 15 Jul 2026 16:13:34] [INFO] [abstract_scenario.py:31:info]  
[FedML-Client @device-id-0] [Wed, 15 Jul 2026 16:13:34] [INFO] [abstract_scenario.py:31:info] ndarray
[FedML-Client @device-id-0] [Wed, 15 Jul 2026 16:13:34] [INFO] [abstract_scenario.py:31:info]  
[FedML-Client @device-id-0] [Wed, 15 Jul 2026 16:13:34] [INFO] [abstract_scenario.py:31:info] (float64): 
[FedML-Client @device-id-0] [Wed, 15 Jul 2026 16:13:34] [INFO] [abstract_scenario.py:31:info]  
[FedML-Client @device-id-0] [Wed, 15 Jul 2026 16:13:34] [INFO] [abstract_scenario.py:31:info] 20000x2
[FedML-Client @device-id-0] [Wed, 15 Jul 2026 16:13:34] [INFO] [abstract_scenario.py:31:info] 

[FedML-Client @device-id-0] [Wed, 15 Jul 2026 16:13:34] [INFO] [abstract_scenario.py:33:info]       min: -3.00
[FedML-Client @device-id-0] [Wed, 15 Jul 2026 16:13:34] [INFO] [abstract_scenario.py:33:info]  
[FedML-Client @device-id-0] [Wed, 15 Jul 2026 16:13:34] [INFO] [abstract_scenario.py:33:info] , max: 3.00
[FedML-Client @device-id-0] [Wed, 15 Jul 2026 16:13:34] [INFO] [abstract_scenario.py:33:info] 

[FedML-Client @device-id-0] [Wed, 15 Jul 2026 16:13:34] [INFO] [abstract_scenario.py:31:info]   y:
[FedML-Client @device-id-0] [Wed, 15 Jul 2026 16:13:34] [INFO] [abstract_scenario.py:31:info]  
[FedML-Client @device-id-0] [Wed, 15 Jul 2026 16:13:34] [INFO] [abstract_scenario.py:31:info] ndarray
[FedML-Client @device-id-0] [Wed, 15 Jul 2026 16:13:34] [INFO] [abstract_scenario.py:31:info]  
[FedML-Client @device-id-0] [Wed, 15 Jul 2026 16:13:34] [INFO] [abstract_scenario.py:31:info] (float64): 
[FedML-Client @device-id-0] [Wed, 15 Jul 2026 16:13:34] [INFO] [abstract_scenario.py:31:info]  
[FedML-Client @device-id-0] [Wed, 15 Jul 2026 16:13:34] [INFO] [abstract_scenario.py:31:info] 20000x1
[FedML-Client @device-id-0] [Wed, 15 Jul 2026 16:13:34] [INFO] [abstract_scenario.py:31:info] 

[FedML-Client @device-id-0] [Wed, 15 Jul 2026 16:13:34] [INFO] [abstract_scenario.py:33:info]       min: -4.02
[FedML-Client @device-id-0] [Wed, 15 Jul 2026 16:13:34] [INFO] [abstract_scenario.py:33:info]  
[FedML-Client @device-id-0] [Wed, 15 Jul 2026 16:13:34] [INFO] [abstract_scenario.py:33:info] , max: 3.69
[FedML-Client @device-id-0] [Wed, 15 Jul 2026 16:13:34] [INFO] [abstract_scenario.py:33:info] 

[FedML-Client @device-id-0] [Wed, 15 Jul 2026 16:13:34] [INFO] [abstract_scenario.py:31:info]   g:
[FedML-Client @device-id-0] [Wed, 15 Jul 2026 16:13:34] [INFO] [abstract_scenario.py:31:info]  
[FedML-Client @device-id-0] [Wed, 15 Jul 2026 16:13:34] [INFO] [abstract_scenario.py:31:info] ndarray
[FedML-Client @device-id-0] [Wed, 15 Jul 2026 16:13:34] [INFO] [abstract_scenario.py:31:info]  
[FedML-Client @device-id-0] [Wed, 15 Jul 2026 16:13:34] [INFO] [abstract_scenario.py:31:info] (float64): 
[FedML-Client @device-id-0] [Wed, 15 Jul 2026 16:13:34] [INFO] [abstract_scenario.py:31:info]  
[FedML-Client @device-id-0] [Wed, 15 Jul 2026 16:13:34] [INFO] [abstract_scenario.py:31:info] 20000x1
[FedML-Client @device-id-0] [Wed, 15 Jul 2026 16:13:34] [INFO] [abstract_scenario.py:31:info] 

[FedML-Client @device-id-0] [Wed, 15 Jul 2026 16:13:34] [INFO] [abstract_scenario.py:33:info]       min: -0.31
[FedML-Client @device-id-0] [Wed, 15 Jul 2026 16:13:34] [INFO] [abstract_scenario.py:33:info]  
[FedML-Client @device-id-0] [Wed, 15 Jul 2026 16:13:34] [INFO] [abstract_scenario.py:33:info] , max: 0.32
[FedML-Client @device-id-0] [Wed, 15 Jul 2026 16:13:34] [INFO] [abstract_scenario.py:33:info] 

[FedML-Client @device-id-0] [Wed, 15 Jul 2026 16:13:34] [INFO] [abstract_scenario.py:31:info]   w:
[FedML-Client @device-id-0] [Wed, 15 Jul 2026 16:13:34] [INFO] [abstract_scenario.py:31:info]  
[FedML-Client @device-id-0] [Wed, 15 Jul 2026 16:13:34] [INFO] [abstract_scenario.py:31:info] ndarray
[FedML-Client @device-id-0] [Wed, 15 Jul 2026 16:13:34] [INFO] [abstract_scenario.py:31:info]  
[FedML-Client @device-id-0] [Wed, 15 Jul 2026 16:13:34] [INFO] [abstract_scenario.py:31:info] (float64): 
[FedML-Client @device-id-0] [Wed, 15 Jul 2026 16:13:34] [INFO] [abstract_scenario.py:31:info]  
[FedML-Client @device-id-0] [Wed, 15 Jul 2026 16:13:34] [INFO] [abstract_scenario.py:31:info] 20000x1
[FedML-Client @device-id-0] [Wed, 15 Jul 2026 16:13:34] [INFO] [abstract_scenario.py:31:info] 

[FedML-Client @device-id-0] [Wed, 15 Jul 2026 16:13:34] [INFO] [abstract_scenario.py:33:info]       min: -6.13
[FedML-Client @device-id-0] [Wed, 15 Jul 2026 16:13:34] [INFO] [abstract_scenario.py:33:info]  
[FedML-Client @device-id-0] [Wed, 15 Jul 2026 16:13:34] [INFO] [abstract_scenario.py:33:info] , max: 5.79
[FedML-Client @device-id-0] [Wed, 15 Jul 2026 16:13:34] [INFO] [abstract_scenario.py:33:info] 

[FedML-Client @device-id-0] [Wed, 15 Jul 2026 16:13:34] [INFO] [abstract_scenario.py:116:info] dev
[FedML-Client @device-id-0] [Wed, 15 Jul 2026 16:13:34] [INFO] [abstract_scenario.py:116:info] 

[FedML-Client @device-id-0] [Wed, 15 Jul 2026 16:13:34] [INFO] [abstract_scenario.py:31:info]   x:
[FedML-Client @device-id-0] [Wed, 15 Jul 2026 16:13:34] [INFO] [abstract_scenario.py:31:info]  
[FedML-Client @device-id-0] [Wed, 15 Jul 2026 16:13:34] [INFO] [abstract_scenario.py:31:info] ndarray
[FedML-Client @device-id-0] [Wed, 15 Jul 2026 16:13:34] [INFO] [abstract_scenario.py:31:info]  
[FedML-Client @device-id-0] [Wed, 15 Jul 2026 16:13:34] [INFO] [abstract_scenario.py:31:info] (float64): 
[FedML-Client @device-id-0] [Wed, 15 Jul 2026 16:13:34] [INFO] [abstract_scenario.py:31:info]  
[FedML-Client @device-id-0] [Wed, 15 Jul 2026 16:13:34] [INFO] [abstract_scenario.py:31:info] 20000x1
[FedML-Client @device-id-0] [Wed, 15 Jul 2026 16:13:34] [INFO] [abstract_scenario.py:31:info] 

[FedML-Client @device-id-0] [Wed, 15 Jul 2026 16:13:34] [INFO] [abstract_scenario.py:31:info]   z:
[FedML-Client @device-id-0] [Wed, 15 Jul 2026 16:13:34] [INFO] [abstract_scenario.py:31:info]  
[FedML-Client @device-id-0] [Wed, 15 Jul 2026 16:13:34] [INFO] [abstract_scenario.py:31:info] ndarray
[FedML-Client @device-id-0] [Wed, 15 Jul 2026 16:13:34] [INFO] [abstract_scenario.py:31:info]  
[FedML-Client @device-id-0] [Wed, 15 Jul 2026 16:13:34] [INFO] [abstract_scenario.py:31:info] (float64): 
[FedML-Client @device-id-0] [Wed, 15 Jul 2026 16:13:34] [INFO] [abstract_scenario.py:31:info]  
[FedML-Client @device-id-0] [Wed, 15 Jul 2026 16:13:34] [INFO] [abstract_scenario.py:31:info] 20000x2
[FedML-Client @device-id-0] [Wed, 15 Jul 2026 16:13:34] [INFO] [abstract_scenario.py:31:info] 

[FedML-Client @device-id-0] [Wed, 15 Jul 2026 16:13:34] [INFO] [abstract_scenario.py:31:info]   y:
[FedML-Client @device-id-0] [Wed, 15 Jul 2026 16:13:34] [INFO] [abstract_scenario.py:31:info]  
[FedML-Client @device-id-0] [Wed, 15 Jul 2026 16:13:34] [INFO] [abstract_scenario.py:31:info] ndarray
[FedML-Client @device-id-0] [Wed, 15 Jul 2026 16:13:34] [INFO] [abstract_scenario.py:31:info]  
[FedML-Client @device-id-0] [Wed, 15 Jul 2026 16:13:34] [INFO] [abstract_scenario.py:31:info] (float64): 
[FedML-Client @device-id-0] [Wed, 15 Jul 2026 16:13:34] [INFO] [abstract_scenario.py:31:info]  
[FedML-Client @device-id-0] [Wed, 15 Jul 2026 16:13:34] [INFO] [abstract_scenario.py:31:info] 20000x1
[FedML-Client @device-id-0] [Wed, 15 Jul 2026 16:13:34] [INFO] [abstract_scenario.py:31:info] 

[FedML-Client @device-id-0] [Wed, 15 Jul 2026 16:13:34] [INFO] [abstract_scenario.py:31:info]   g:
[FedML-Client @device-id-0] [Wed, 15 Jul 2026 16:13:34] [INFO] [abstract_scenario.py:31:info]  
[FedML-Client @device-id-0] [Wed, 15 Jul 2026 16:13:34] [INFO] [abstract_scenario.py:31:info] ndarray
[FedML-Client @device-id-0] [Wed, 15 Jul 2026 16:13:34] [INFO] [abstract_scenario.py:31:info]  
[FedML-Client @device-id-0] [Wed, 15 Jul 2026 16:13:34] [INFO] [abstract_scenario.py:31:info] (float64): 
[FedML-Client @device-id-0] [Wed, 15 Jul 2026 16:13:34] [INFO] [abstract_scenario.py:31:info]  
[FedML-Client @device-id-0] [Wed, 15 Jul 2026 16:13:34] [INFO] [abstract_scenario.py:31:info] 20000x1
[FedML-Client @device-id-0] [Wed, 15 Jul 2026 16:13:34] [INFO] [abstract_scenario.py:31:info] 

[FedML-Client @device-id-0] [Wed, 15 Jul 2026 16:13:34] [INFO] [abstract_scenario.py:31:info]   w:
[FedML-Client @device-id-0] [Wed, 15 Jul 2026 16:13:34] [INFO] [abstract_scenario.py:31:info]  
[FedML-Client @device-id-0] [Wed, 15 Jul 2026 16:13:34] [INFO] [abstract_scenario.py:31:info] ndarray
[FedML-Client @device-id-0] [Wed, 15 Jul 2026 16:13:34] [INFO] [abstract_scenario.py:31:info]  
[FedML-Client @device-id-0] [Wed, 15 Jul 2026 16:13:34] [INFO] [abstract_scenario.py:31:info] (float64): 
[FedML-Client @device-id-0] [Wed, 15 Jul 2026 16:13:34] [INFO] [abstract_scenario.py:31:info]  
[FedML-Client @device-id-0] [Wed, 15 Jul 2026 16:13:34] [INFO] [abstract_scenario.py:31:info] 20000x1
[FedML-Client @device-id-0] [Wed, 15 Jul 2026 16:13:34] [INFO] [abstract_scenario.py:31:info] 

[FedML-Client @device-id-0] [Wed, 15 Jul 2026 16:13:34] [INFO] [model_hub.py:25:create] create_model. model_name = lr, output_dim = 1, dataset = step
[FedML-Client @device-id-0] [Wed, 15 Jul 2026 16:13:34] [INFO] [model_hub.py:28:create] MLPModel + DeepGMM for Zoo dataset: step
[FedML-Client @device-id-0] [Wed, 15 Jul 2026 16:13:35] [INFO] [fedavg_api.py:170:__init__] model = [[MLPModel(
  (model): Sequential(
    (0): Linear(in_features=1, out_features=20, bias=True)
    (1): LeakyReLU(negative_slope=0.01)
    (2): Linear(in_features=20, out_features=20, bias=True)
    (3): LeakyReLU(negative_slope=0.01)
    (4): Linear(in_features=20, out_features=1, bias=True)
  )
)], [MLPModel(
  (model): Sequential(
    (0): Linear(in_features=2, out_features=20, bias=True)
    (1): LeakyReLU(negative_slope=0.01)
    (2): Linear(in_features=20, out_features=20, bias=True)
    (3): LeakyReLU(negative_slope=0.01)
    (4): Linear(in_features=20, out_features=1, bias=True)
  )
)], [MLPModel(
  (model): Sequential(
    (0): Linear(in_features=1, out_features=20, bias=True)
    (1): LeakyReLU(negative_slope=0.01)
    (2): Linear(in_features=20, out_features=20, bias=True)
    (3): LeakyReLU(negative_slope=0.01)
    (4): Linear(in_features=20, out_features=1, bias=True)
  )
)]]
[FedML-Client @device-id-0] [Wed, 15 Jul 2026 16:13:35] [INFO] [model_selection_class.py:41:do_model_selection] starting learning args eval 0
[FedML-Client @device-id-0] [Wed, 15 Jul 2026 16:13:35] [INFO] [model_selection_class.py:41:do_model_selection] 

[FedML-Client @device-id-0] [Wed, 15 Jul 2026 16:13:57] [INFO] [model_selection_class.py:71:do_model_selection] learning eval:
[FedML-Client @device-id-0] [Wed, 15 Jul 2026 16:13:57] [INFO] [model_selection_class.py:71:do_model_selection]  
[FedML-Client @device-id-0] [Wed, 15 Jul 2026 16:13:57] [INFO] [model_selection_class.py:71:do_model_selection] 0.00032388507034181017
[FedML-Client @device-id-0] [Wed, 15 Jul 2026 16:13:57] [INFO] [model_selection_class.py:71:do_model_selection]  
[FedML-Client @device-id-0] [Wed, 15 Jul 2026 16:13:57] [INFO] [model_selection_class.py:71:do_model_selection] OptimalObjective::lambda_1=0.100000
[FedML-Client @device-id-0] [Wed, 15 Jul 2026 16:13:57] [INFO] [model_selection_class.py:71:do_model_selection]  
[FedML-Client @device-id-0] [Wed, 15 Jul 2026 16:13:57] [INFO] [model_selection_class.py:71:do_model_selection] CustomSGD:::'lr'=0.03:'momentum'=0.0
[FedML-Client @device-id-0] [Wed, 15 Jul 2026 16:13:57] [INFO] [model_selection_class.py:71:do_model_selection]  
[FedML-Client @device-id-0] [Wed, 15 Jul 2026 16:13:57] [INFO] [model_selection_class.py:71:do_model_selection] CustomSGD:::'lr'=0.44999999999999996:'momentum'=0.0
[FedML-Client @device-id-0] [Wed, 15 Jul 2026 16:13:57] [INFO] [model_selection_class.py:71:do_model_selection] 

[FedML-Client @device-id-0] [Wed, 15 Jul 2026 16:13:57] [INFO] [model_selection_class.py:90:do_model_selection] size of f_z collection:
[FedML-Client @device-id-0] [Wed, 15 Jul 2026 16:13:57] [INFO] [model_selection_class.py:90:do_model_selection]  
[FedML-Client @device-id-0] [Wed, 15 Jul 2026 16:13:57] [INFO] [model_selection_class.py:90:do_model_selection] 120
[FedML-Client @device-id-0] [Wed, 15 Jul 2026 16:13:57] [INFO] [model_selection_class.py:90:do_model_selection] 

[FedML-Client @device-id-0] [Wed, 15 Jul 2026 16:13:57] [INFO] [fedavg_api.py:379:_setup_clients] ############setup_clients (START)#############
[FedML-Client @device-id-0] [Wed, 15 Jul 2026 16:13:57] [INFO] [fedavg_api.py:396:_setup_clients] ############setup_clients (END)#############
[FedML-Client @device-id-0] [Wed, 15 Jul 2026 16:32:25] [INFO] [fedavg_api.py:690:train] MSE on test ------------------------------>>>>>>>>>>>>>>>>>>
[FedML-Client @device-id-0] [Wed, 15 Jul 2026 16:32:25] [INFO] [fedavg_api.py:690:train]  
[FedML-Client @device-id-0] [Wed, 15 Jul 2026 16:32:25] [INFO] [fedavg_api.py:690:train] 0.006126142455462217
[FedML-Client @device-id-0] [Wed, 15 Jul 2026 16:32:25] [INFO] [fedavg_api.py:690:train] 

DEBUG: Calling fedml.init()...
/home/arnav22103/FederatedDeepGMM/fedgmm/sp_decentralized_mnist_lr_example/fedml/computing/scheduler/comm_utils/sys_utils.py:16: UserWarning: pkg_resources is deprecated as an API. See https://setuptools.pypa.io/en/latest/pkg_resources.html. The pkg_resources package is slated for removal as early as 2025-11-30. Refrain from using this package or pin to Setuptools<81.
  from pkg_resources import parse_version
[FedML-Client @device-id-0] [Wed, 15 Jul 2026 16:32:34] [INFO] [__init__.py:163:init] args.rank = 0, args.worker_num = 10
[FedML-Client @device-id-0] [Wed, 15 Jul 2026 16:32:34] [INFO] [main.py:13:<module>] DEBUG: fedml.init() successful.
[FedML-Client @device-id-0] [Wed, 15 Jul 2026 16:32:34] [INFO] [main.py:13:<module>] 

[FedML-Client @device-id-0] [Wed, 15 Jul 2026 16:32:35] [INFO] [ml_engine_adapter.py:147:get_torch_device] args = <fedml.arguments.Arguments object at 0x768cc715f070>, using_gpu = True, device_id = 0, device_type = gpu
[FedML-Client @device-id-0] [Wed, 15 Jul 2026 16:32:35] [INFO] [device.py:48:get_device] device = cuda:0
[FedML-Client @device-id-0] [Wed, 15 Jul 2026 16:32:35] [INFO] [data_loader.py:389:load_synthetic_data] load_data. dataset_name = step
[FedML-Client @device-id-0] [Wed, 15 Jul 2026 16:32:35] [INFO] [data_loader.py:299:load_partition_data_mnist] Loading scenario from: data/zoo/step.npz
[FedML-Client @device-id-0] [Wed, 15 Jul 2026 16:32:35] [INFO] [abstract_scenario.py:116:info] test
[FedML-Client @device-id-0] [Wed, 15 Jul 2026 16:32:35] [INFO] [abstract_scenario.py:116:info] 

[FedML-Client @device-id-0] [Wed, 15 Jul 2026 16:32:35] [INFO] [abstract_scenario.py:31:info]   x:
[FedML-Client @device-id-0] [Wed, 15 Jul 2026 16:32:35] [INFO] [abstract_scenario.py:31:info]  
[FedML-Client @device-id-0] [Wed, 15 Jul 2026 16:32:35] [INFO] [abstract_scenario.py:31:info] ndarray
[FedML-Client @device-id-0] [Wed, 15 Jul 2026 16:32:35] [INFO] [abstract_scenario.py:31:info]  
[FedML-Client @device-id-0] [Wed, 15 Jul 2026 16:32:35] [INFO] [abstract_scenario.py:31:info] (float64): 
[FedML-Client @device-id-0] [Wed, 15 Jul 2026 16:32:35] [INFO] [abstract_scenario.py:31:info]  
[FedML-Client @device-id-0] [Wed, 15 Jul 2026 16:32:35] [INFO] [abstract_scenario.py:31:info] 20000x1
[FedML-Client @device-id-0] [Wed, 15 Jul 2026 16:32:35] [INFO] [abstract_scenario.py:31:info] 

[FedML-Client @device-id-0] [Wed, 15 Jul 2026 16:32:35] [INFO] [abstract_scenario.py:31:info]   z:
[FedML-Client @device-id-0] [Wed, 15 Jul 2026 16:32:35] [INFO] [abstract_scenario.py:31:info]  
[FedML-Client @device-id-0] [Wed, 15 Jul 2026 16:32:35] [INFO] [abstract_scenario.py:31:info] ndarray
[FedML-Client @device-id-0] [Wed, 15 Jul 2026 16:32:35] [INFO] [abstract_scenario.py:31:info]  
[FedML-Client @device-id-0] [Wed, 15 Jul 2026 16:32:35] [INFO] [abstract_scenario.py:31:info] (float64): 
[FedML-Client @device-id-0] [Wed, 15 Jul 2026 16:32:35] [INFO] [abstract_scenario.py:31:info]  
[FedML-Client @device-id-0] [Wed, 15 Jul 2026 16:32:35] [INFO] [abstract_scenario.py:31:info] 20000x2
[FedML-Client @device-id-0] [Wed, 15 Jul 2026 16:32:35] [INFO] [abstract_scenario.py:31:info] 

[FedML-Client @device-id-0] [Wed, 15 Jul 2026 16:32:35] [INFO] [abstract_scenario.py:31:info]   y:
[FedML-Client @device-id-0] [Wed, 15 Jul 2026 16:32:35] [INFO] [abstract_scenario.py:31:info]  
[FedML-Client @device-id-0] [Wed, 15 Jul 2026 16:32:35] [INFO] [abstract_scenario.py:31:info] ndarray
[FedML-Client @device-id-0] [Wed, 15 Jul 2026 16:32:35] [INFO] [abstract_scenario.py:31:info]  
[FedML-Client @device-id-0] [Wed, 15 Jul 2026 16:32:35] [INFO] [abstract_scenario.py:31:info] (float64): 
[FedML-Client @device-id-0] [Wed, 15 Jul 2026 16:32:35] [INFO] [abstract_scenario.py:31:info]  
[FedML-Client @device-id-0] [Wed, 15 Jul 2026 16:32:35] [INFO] [abstract_scenario.py:31:info] 20000x1
[FedML-Client @device-id-0] [Wed, 15 Jul 2026 16:32:35] [INFO] [abstract_scenario.py:31:info] 

[FedML-Client @device-id-0] [Wed, 15 Jul 2026 16:32:35] [INFO] [abstract_scenario.py:31:info]   g:
[FedML-Client @device-id-0] [Wed, 15 Jul 2026 16:32:35] [INFO] [abstract_scenario.py:31:info]  
[FedML-Client @device-id-0] [Wed, 15 Jul 2026 16:32:35] [INFO] [abstract_scenario.py:31:info] ndarray
[FedML-Client @device-id-0] [Wed, 15 Jul 2026 16:32:35] [INFO] [abstract_scenario.py:31:info]  
[FedML-Client @device-id-0] [Wed, 15 Jul 2026 16:32:35] [INFO] [abstract_scenario.py:31:info] (float64): 
[FedML-Client @device-id-0] [Wed, 15 Jul 2026 16:32:35] [INFO] [abstract_scenario.py:31:info]  
[FedML-Client @device-id-0] [Wed, 15 Jul 2026 16:32:35] [INFO] [abstract_scenario.py:31:info] 20000x1
[FedML-Client @device-id-0] [Wed, 15 Jul 2026 16:32:35] [INFO] [abstract_scenario.py:31:info] 

[FedML-Client @device-id-0] [Wed, 15 Jul 2026 16:32:35] [INFO] [abstract_scenario.py:31:info]   w:
[FedML-Client @device-id-0] [Wed, 15 Jul 2026 16:32:35] [INFO] [abstract_scenario.py:31:info]  
[FedML-Client @device-id-0] [Wed, 15 Jul 2026 16:32:35] [INFO] [abstract_scenario.py:31:info] ndarray
[FedML-Client @device-id-0] [Wed, 15 Jul 2026 16:32:35] [INFO] [abstract_scenario.py:31:info]  
[FedML-Client @device-id-0] [Wed, 15 Jul 2026 16:32:35] [INFO] [abstract_scenario.py:31:info] (float64): 
[FedML-Client @device-id-0] [Wed, 15 Jul 2026 16:32:35] [INFO] [abstract_scenario.py:31:info]  
[FedML-Client @device-id-0] [Wed, 15 Jul 2026 16:32:35] [INFO] [abstract_scenario.py:31:info] 20000x1
[FedML-Client @device-id-0] [Wed, 15 Jul 2026 16:32:35] [INFO] [abstract_scenario.py:31:info] 

[FedML-Client @device-id-0] [Wed, 15 Jul 2026 16:32:35] [INFO] [abstract_scenario.py:116:info] train
[FedML-Client @device-id-0] [Wed, 15 Jul 2026 16:32:35] [INFO] [abstract_scenario.py:116:info] 

[FedML-Client @device-id-0] [Wed, 15 Jul 2026 16:32:35] [INFO] [abstract_scenario.py:31:info]   x:
[FedML-Client @device-id-0] [Wed, 15 Jul 2026 16:32:35] [INFO] [abstract_scenario.py:31:info]  
[FedML-Client @device-id-0] [Wed, 15 Jul 2026 16:32:35] [INFO] [abstract_scenario.py:31:info] ndarray
[FedML-Client @device-id-0] [Wed, 15 Jul 2026 16:32:35] [INFO] [abstract_scenario.py:31:info]  
[FedML-Client @device-id-0] [Wed, 15 Jul 2026 16:32:35] [INFO] [abstract_scenario.py:31:info] (float64): 
[FedML-Client @device-id-0] [Wed, 15 Jul 2026 16:32:35] [INFO] [abstract_scenario.py:31:info]  
[FedML-Client @device-id-0] [Wed, 15 Jul 2026 16:32:35] [INFO] [abstract_scenario.py:31:info] 20000x1
[FedML-Client @device-id-0] [Wed, 15 Jul 2026 16:32:35] [INFO] [abstract_scenario.py:31:info] 

[FedML-Client @device-id-0] [Wed, 15 Jul 2026 16:32:35] [INFO] [abstract_scenario.py:33:info]       min: -6.13
[FedML-Client @device-id-0] [Wed, 15 Jul 2026 16:32:35] [INFO] [abstract_scenario.py:33:info]  
[FedML-Client @device-id-0] [Wed, 15 Jul 2026 16:32:35] [INFO] [abstract_scenario.py:33:info] , max: 5.79
[FedML-Client @device-id-0] [Wed, 15 Jul 2026 16:32:35] [INFO] [abstract_scenario.py:33:info] 

[FedML-Client @device-id-0] [Wed, 15 Jul 2026 16:32:35] [INFO] [abstract_scenario.py:31:info]   z:
[FedML-Client @device-id-0] [Wed, 15 Jul 2026 16:32:35] [INFO] [abstract_scenario.py:31:info]  
[FedML-Client @device-id-0] [Wed, 15 Jul 2026 16:32:35] [INFO] [abstract_scenario.py:31:info] ndarray
[FedML-Client @device-id-0] [Wed, 15 Jul 2026 16:32:35] [INFO] [abstract_scenario.py:31:info]  
[FedML-Client @device-id-0] [Wed, 15 Jul 2026 16:32:35] [INFO] [abstract_scenario.py:31:info] (float64): 
[FedML-Client @device-id-0] [Wed, 15 Jul 2026 16:32:35] [INFO] [abstract_scenario.py:31:info]  
[FedML-Client @device-id-0] [Wed, 15 Jul 2026 16:32:35] [INFO] [abstract_scenario.py:31:info] 20000x2
[FedML-Client @device-id-0] [Wed, 15 Jul 2026 16:32:35] [INFO] [abstract_scenario.py:31:info] 

[FedML-Client @device-id-0] [Wed, 15 Jul 2026 16:32:35] [INFO] [abstract_scenario.py:33:info]       min: -3.00
[FedML-Client @device-id-0] [Wed, 15 Jul 2026 16:32:35] [INFO] [abstract_scenario.py:33:info]  
[FedML-Client @device-id-0] [Wed, 15 Jul 2026 16:32:35] [INFO] [abstract_scenario.py:33:info] , max: 3.00
[FedML-Client @device-id-0] [Wed, 15 Jul 2026 16:32:35] [INFO] [abstract_scenario.py:33:info] 

[FedML-Client @device-id-0] [Wed, 15 Jul 2026 16:32:35] [INFO] [abstract_scenario.py:31:info]   y:
[FedML-Client @device-id-0] [Wed, 15 Jul 2026 16:32:35] [INFO] [abstract_scenario.py:31:info]  
[FedML-Client @device-id-0] [Wed, 15 Jul 2026 16:32:35] [INFO] [abstract_scenario.py:31:info] ndarray
[FedML-Client @device-id-0] [Wed, 15 Jul 2026 16:32:35] [INFO] [abstract_scenario.py:31:info]  
[FedML-Client @device-id-0] [Wed, 15 Jul 2026 16:32:35] [INFO] [abstract_scenario.py:31:info] (float64): 
[FedML-Client @device-id-0] [Wed, 15 Jul 2026 16:32:35] [INFO] [abstract_scenario.py:31:info]  
[FedML-Client @device-id-0] [Wed, 15 Jul 2026 16:32:35] [INFO] [abstract_scenario.py:31:info] 20000x1
[FedML-Client @device-id-0] [Wed, 15 Jul 2026 16:32:35] [INFO] [abstract_scenario.py:31:info] 

[FedML-Client @device-id-0] [Wed, 15 Jul 2026 16:32:35] [INFO] [abstract_scenario.py:33:info]       min: -4.02
[FedML-Client @device-id-0] [Wed, 15 Jul 2026 16:32:35] [INFO] [abstract_scenario.py:33:info]  
[FedML-Client @device-id-0] [Wed, 15 Jul 2026 16:32:35] [INFO] [abstract_scenario.py:33:info] , max: 3.69
[FedML-Client @device-id-0] [Wed, 15 Jul 2026 16:32:35] [INFO] [abstract_scenario.py:33:info] 

[FedML-Client @device-id-0] [Wed, 15 Jul 2026 16:32:35] [INFO] [abstract_scenario.py:31:info]   g:
[FedML-Client @device-id-0] [Wed, 15 Jul 2026 16:32:35] [INFO] [abstract_scenario.py:31:info]  
[FedML-Client @device-id-0] [Wed, 15 Jul 2026 16:32:35] [INFO] [abstract_scenario.py:31:info] ndarray
[FedML-Client @device-id-0] [Wed, 15 Jul 2026 16:32:35] [INFO] [abstract_scenario.py:31:info]  
[FedML-Client @device-id-0] [Wed, 15 Jul 2026 16:32:35] [INFO] [abstract_scenario.py:31:info] (float64): 
[FedML-Client @device-id-0] [Wed, 15 Jul 2026 16:32:35] [INFO] [abstract_scenario.py:31:info]  
[FedML-Client @device-id-0] [Wed, 15 Jul 2026 16:32:35] [INFO] [abstract_scenario.py:31:info] 20000x1
[FedML-Client @device-id-0] [Wed, 15 Jul 2026 16:32:35] [INFO] [abstract_scenario.py:31:info] 

[FedML-Client @device-id-0] [Wed, 15 Jul 2026 16:32:35] [INFO] [abstract_scenario.py:33:info]       min: -0.31
[FedML-Client @device-id-0] [Wed, 15 Jul 2026 16:32:35] [INFO] [abstract_scenario.py:33:info]  
[FedML-Client @device-id-0] [Wed, 15 Jul 2026 16:32:35] [INFO] [abstract_scenario.py:33:info] , max: 0.32
[FedML-Client @device-id-0] [Wed, 15 Jul 2026 16:32:35] [INFO] [abstract_scenario.py:33:info] 

[FedML-Client @device-id-0] [Wed, 15 Jul 2026 16:32:35] [INFO] [abstract_scenario.py:31:info]   w:
[FedML-Client @device-id-0] [Wed, 15 Jul 2026 16:32:35] [INFO] [abstract_scenario.py:31:info]  
[FedML-Client @device-id-0] [Wed, 15 Jul 2026 16:32:35] [INFO] [abstract_scenario.py:31:info] ndarray
[FedML-Client @device-id-0] [Wed, 15 Jul 2026 16:32:35] [INFO] [abstract_scenario.py:31:info]  
[FedML-Client @device-id-0] [Wed, 15 Jul 2026 16:32:35] [INFO] [abstract_scenario.py:31:info] (float64): 
[FedML-Client @device-id-0] [Wed, 15 Jul 2026 16:32:35] [INFO] [abstract_scenario.py:31:info]  
[FedML-Client @device-id-0] [Wed, 15 Jul 2026 16:32:35] [INFO] [abstract_scenario.py:31:info] 20000x1
[FedML-Client @device-id-0] [Wed, 15 Jul 2026 16:32:35] [INFO] [abstract_scenario.py:31:info] 

[FedML-Client @device-id-0] [Wed, 15 Jul 2026 16:32:35] [INFO] [abstract_scenario.py:33:info]       min: -6.13
[FedML-Client @device-id-0] [Wed, 15 Jul 2026 16:32:35] [INFO] [abstract_scenario.py:33:info]  
[FedML-Client @device-id-0] [Wed, 15 Jul 2026 16:32:35] [INFO] [abstract_scenario.py:33:info] , max: 5.79
[FedML-Client @device-id-0] [Wed, 15 Jul 2026 16:32:35] [INFO] [abstract_scenario.py:33:info] 

[FedML-Client @device-id-0] [Wed, 15 Jul 2026 16:32:35] [INFO] [abstract_scenario.py:116:info] dev
[FedML-Client @device-id-0] [Wed, 15 Jul 2026 16:32:35] [INFO] [abstract_scenario.py:116:info] 

[FedML-Client @device-id-0] [Wed, 15 Jul 2026 16:32:35] [INFO] [abstract_scenario.py:31:info]   x:
[FedML-Client @device-id-0] [Wed, 15 Jul 2026 16:32:35] [INFO] [abstract_scenario.py:31:info]  
[FedML-Client @device-id-0] [Wed, 15 Jul 2026 16:32:35] [INFO] [abstract_scenario.py:31:info] ndarray
[FedML-Client @device-id-0] [Wed, 15 Jul 2026 16:32:35] [INFO] [abstract_scenario.py:31:info]  
[FedML-Client @device-id-0] [Wed, 15 Jul 2026 16:32:35] [INFO] [abstract_scenario.py:31:info] (float64): 
[FedML-Client @device-id-0] [Wed, 15 Jul 2026 16:32:35] [INFO] [abstract_scenario.py:31:info]  
[FedML-Client @device-id-0] [Wed, 15 Jul 2026 16:32:35] [INFO] [abstract_scenario.py:31:info] 20000x1
[FedML-Client @device-id-0] [Wed, 15 Jul 2026 16:32:35] [INFO] [abstract_scenario.py:31:info] 

[FedML-Client @device-id-0] [Wed, 15 Jul 2026 16:32:35] [INFO] [abstract_scenario.py:31:info]   z:
[FedML-Client @device-id-0] [Wed, 15 Jul 2026 16:32:35] [INFO] [abstract_scenario.py:31:info]  
[FedML-Client @device-id-0] [Wed, 15 Jul 2026 16:32:35] [INFO] [abstract_scenario.py:31:info] ndarray
[FedML-Client @device-id-0] [Wed, 15 Jul 2026 16:32:35] [INFO] [abstract_scenario.py:31:info]  
[FedML-Client @device-id-0] [Wed, 15 Jul 2026 16:32:35] [INFO] [abstract_scenario.py:31:info] (float64): 
[FedML-Client @device-id-0] [Wed, 15 Jul 2026 16:32:35] [INFO] [abstract_scenario.py:31:info]  
[FedML-Client @device-id-0] [Wed, 15 Jul 2026 16:32:35] [INFO] [abstract_scenario.py:31:info] 20000x2
[FedML-Client @device-id-0] [Wed, 15 Jul 2026 16:32:35] [INFO] [abstract_scenario.py:31:info] 

[FedML-Client @device-id-0] [Wed, 15 Jul 2026 16:32:35] [INFO] [abstract_scenario.py:31:info]   y:
[FedML-Client @device-id-0] [Wed, 15 Jul 2026 16:32:35] [INFO] [abstract_scenario.py:31:info]  
[FedML-Client @device-id-0] [Wed, 15 Jul 2026 16:32:35] [INFO] [abstract_scenario.py:31:info] ndarray
[FedML-Client @device-id-0] [Wed, 15 Jul 2026 16:32:35] [INFO] [abstract_scenario.py:31:info]  
[FedML-Client @device-id-0] [Wed, 15 Jul 2026 16:32:35] [INFO] [abstract_scenario.py:31:info] (float64): 
[FedML-Client @device-id-0] [Wed, 15 Jul 2026 16:32:35] [INFO] [abstract_scenario.py:31:info]  
[FedML-Client @device-id-0] [Wed, 15 Jul 2026 16:32:35] [INFO] [abstract_scenario.py:31:info] 20000x1
[FedML-Client @device-id-0] [Wed, 15 Jul 2026 16:32:35] [INFO] [abstract_scenario.py:31:info] 

[FedML-Client @device-id-0] [Wed, 15 Jul 2026 16:32:35] [INFO] [abstract_scenario.py:31:info]   g:
[FedML-Client @device-id-0] [Wed, 15 Jul 2026 16:32:35] [INFO] [abstract_scenario.py:31:info]  
[FedML-Client @device-id-0] [Wed, 15 Jul 2026 16:32:35] [INFO] [abstract_scenario.py:31:info] ndarray
[FedML-Client @device-id-0] [Wed, 15 Jul 2026 16:32:35] [INFO] [abstract_scenario.py:31:info]  
[FedML-Client @device-id-0] [Wed, 15 Jul 2026 16:32:35] [INFO] [abstract_scenario.py:31:info] (float64): 
[FedML-Client @device-id-0] [Wed, 15 Jul 2026 16:32:35] [INFO] [abstract_scenario.py:31:info]  
[FedML-Client @device-id-0] [Wed, 15 Jul 2026 16:32:35] [INFO] [abstract_scenario.py:31:info] 20000x1
[FedML-Client @device-id-0] [Wed, 15 Jul 2026 16:32:35] [INFO] [abstract_scenario.py:31:info] 

[FedML-Client @device-id-0] [Wed, 15 Jul 2026 16:32:35] [INFO] [abstract_scenario.py:31:info]   w:
[FedML-Client @device-id-0] [Wed, 15 Jul 2026 16:32:35] [INFO] [abstract_scenario.py:31:info]  
[FedML-Client @device-id-0] [Wed, 15 Jul 2026 16:32:35] [INFO] [abstract_scenario.py:31:info] ndarray
[FedML-Client @device-id-0] [Wed, 15 Jul 2026 16:32:35] [INFO] [abstract_scenario.py:31:info]  
[FedML-Client @device-id-0] [Wed, 15 Jul 2026 16:32:35] [INFO] [abstract_scenario.py:31:info] (float64): 
[FedML-Client @device-id-0] [Wed, 15 Jul 2026 16:32:35] [INFO] [abstract_scenario.py:31:info]  
[FedML-Client @device-id-0] [Wed, 15 Jul 2026 16:32:35] [INFO] [abstract_scenario.py:31:info] 20000x1
[FedML-Client @device-id-0] [Wed, 15 Jul 2026 16:32:35] [INFO] [abstract_scenario.py:31:info] 

[FedML-Client @device-id-0] [Wed, 15 Jul 2026 16:32:36] [INFO] [model_hub.py:25:create] create_model. model_name = lr, output_dim = 1, dataset = step
[FedML-Client @device-id-0] [Wed, 15 Jul 2026 16:32:36] [INFO] [model_hub.py:28:create] MLPModel + DeepGMM for Zoo dataset: step
[FedML-Client @device-id-0] [Wed, 15 Jul 2026 16:32:36] [INFO] [fedavg_api.py:170:__init__] model = [[MLPModel(
  (model): Sequential(
    (0): Linear(in_features=1, out_features=20, bias=True)
    (1): LeakyReLU(negative_slope=0.01)
    (2): Linear(in_features=20, out_features=20, bias=True)
    (3): LeakyReLU(negative_slope=0.01)
    (4): Linear(in_features=20, out_features=1, bias=True)
  )
)], [MLPModel(
  (model): Sequential(
    (0): Linear(in_features=2, out_features=20, bias=True)
    (1): LeakyReLU(negative_slope=0.01)
    (2): Linear(in_features=20, out_features=20, bias=True)
    (3): LeakyReLU(negative_slope=0.01)
    (4): Linear(in_features=20, out_features=1, bias=True)
  )
)], [MLPModel(
  (model): Sequential(
    (0): Linear(in_features=1, out_features=20, bias=True)
    (1): LeakyReLU(negative_slope=0.01)
    (2): Linear(in_features=20, out_features=20, bias=True)
    (3): LeakyReLU(negative_slope=0.01)
    (4): Linear(in_features=20, out_features=1, bias=True)
  )
)]]
[FedML-Client @device-id-0] [Wed, 15 Jul 2026 16:32:36] [INFO] [model_selection_class.py:41:do_model_selection] starting learning args eval 0
[FedML-Client @device-id-0] [Wed, 15 Jul 2026 16:32:36] [INFO] [model_selection_class.py:41:do_model_selection] 

[FedML-Client @device-id-0] [Wed, 15 Jul 2026 16:32:58] [INFO] [model_selection_class.py:71:do_model_selection] learning eval:
[FedML-Client @device-id-0] [Wed, 15 Jul 2026 16:32:58] [INFO] [model_selection_class.py:71:do_model_selection]  
[FedML-Client @device-id-0] [Wed, 15 Jul 2026 16:32:58] [INFO] [model_selection_class.py:71:do_model_selection] -0.00013061794647227856
[FedML-Client @device-id-0] [Wed, 15 Jul 2026 16:32:58] [INFO] [model_selection_class.py:71:do_model_selection]  
[FedML-Client @device-id-0] [Wed, 15 Jul 2026 16:32:58] [INFO] [model_selection_class.py:71:do_model_selection] OptimalObjective::lambda_1=0.100000
[FedML-Client @device-id-0] [Wed, 15 Jul 2026 16:32:58] [INFO] [model_selection_class.py:71:do_model_selection]  
[FedML-Client @device-id-0] [Wed, 15 Jul 2026 16:32:58] [INFO] [model_selection_class.py:71:do_model_selection] OGDA:::'lr'=0.01
[FedML-Client @device-id-0] [Wed, 15 Jul 2026 16:32:58] [INFO] [model_selection_class.py:71:do_model_selection]  
[FedML-Client @device-id-0] [Wed, 15 Jul 2026 16:32:58] [INFO] [model_selection_class.py:71:do_model_selection] OGDA:::'lr'=0.15
[FedML-Client @device-id-0] [Wed, 15 Jul 2026 16:32:58] [INFO] [model_selection_class.py:71:do_model_selection] 

[FedML-Client @device-id-0] [Wed, 15 Jul 2026 16:32:58] [INFO] [model_selection_class.py:90:do_model_selection] size of f_z collection:
[FedML-Client @device-id-0] [Wed, 15 Jul 2026 16:32:58] [INFO] [model_selection_class.py:90:do_model_selection]  
[FedML-Client @device-id-0] [Wed, 15 Jul 2026 16:32:58] [INFO] [model_selection_class.py:90:do_model_selection] 120
[FedML-Client @device-id-0] [Wed, 15 Jul 2026 16:32:58] [INFO] [model_selection_class.py:90:do_model_selection] 

[FedML-Client @device-id-0] [Wed, 15 Jul 2026 16:32:58] [INFO] [fedavg_api.py:379:_setup_clients] ############setup_clients (START)#############
[FedML-Client @device-id-0] [Wed, 15 Jul 2026 16:32:58] [INFO] [fedavg_api.py:396:_setup_clients] ############setup_clients (END)#############
[FedML-Client @device-id-0] [Wed, 15 Jul 2026 16:51:20] [INFO] [fedavg_api.py:690:train] MSE on test ------------------------------>>>>>>>>>>>>>>>>>>
[FedML-Client @device-id-0] [Wed, 15 Jul 2026 16:51:20] [INFO] [fedavg_api.py:690:train]  
[FedML-Client @device-id-0] [Wed, 15 Jul 2026 16:51:20] [INFO] [fedavg_api.py:690:train] 0.013571058806424008
[FedML-Client @device-id-0] [Wed, 15 Jul 2026 16:51:20] [INFO] [fedavg_api.py:690:train] 

DEBUG: Calling fedml.init()...
/home/arnav22103/FederatedDeepGMM/fedgmm/sp_decentralized_mnist_lr_example/fedml/computing/scheduler/comm_utils/sys_utils.py:16: UserWarning: pkg_resources is deprecated as an API. See https://setuptools.pypa.io/en/latest/pkg_resources.html. The pkg_resources package is slated for removal as early as 2025-11-30. Refrain from using this package or pin to Setuptools<81.
  from pkg_resources import parse_version
[FedML-Client @device-id-0] [Wed, 15 Jul 2026 16:51:25] [INFO] [__init__.py:163:init] args.rank = 0, args.worker_num = 10
[FedML-Client @device-id-0] [Wed, 15 Jul 2026 16:51:25] [INFO] [main.py:13:<module>] DEBUG: fedml.init() successful.
[FedML-Client @device-id-0] [Wed, 15 Jul 2026 16:51:25] [INFO] [main.py:13:<module>] 

[FedML-Client @device-id-0] [Wed, 15 Jul 2026 16:51:26] [INFO] [ml_engine_adapter.py:147:get_torch_device] args = <fedml.arguments.Arguments object at 0x7bf0c615b070>, using_gpu = True, device_id = 0, device_type = gpu
[FedML-Client @device-id-0] [Wed, 15 Jul 2026 16:51:26] [INFO] [device.py:48:get_device] device = cuda:0
[FedML-Client @device-id-0] [Wed, 15 Jul 2026 16:51:26] [INFO] [data_loader.py:389:load_synthetic_data] load_data. dataset_name = step
[FedML-Client @device-id-0] [Wed, 15 Jul 2026 16:51:26] [INFO] [data_loader.py:299:load_partition_data_mnist] Loading scenario from: data/zoo/step.npz
[FedML-Client @device-id-0] [Wed, 15 Jul 2026 16:51:26] [INFO] [abstract_scenario.py:116:info] test
[FedML-Client @device-id-0] [Wed, 15 Jul 2026 16:51:26] [INFO] [abstract_scenario.py:116:info] 

[FedML-Client @device-id-0] [Wed, 15 Jul 2026 16:51:26] [INFO] [abstract_scenario.py:31:info]   x:
[FedML-Client @device-id-0] [Wed, 15 Jul 2026 16:51:26] [INFO] [abstract_scenario.py:31:info]  
[FedML-Client @device-id-0] [Wed, 15 Jul 2026 16:51:26] [INFO] [abstract_scenario.py:31:info] ndarray
[FedML-Client @device-id-0] [Wed, 15 Jul 2026 16:51:26] [INFO] [abstract_scenario.py:31:info]  
[FedML-Client @device-id-0] [Wed, 15 Jul 2026 16:51:26] [INFO] [abstract_scenario.py:31:info] (float64): 
[FedML-Client @device-id-0] [Wed, 15 Jul 2026 16:51:26] [INFO] [abstract_scenario.py:31:info]  
[FedML-Client @device-id-0] [Wed, 15 Jul 2026 16:51:26] [INFO] [abstract_scenario.py:31:info] 20000x1
[FedML-Client @device-id-0] [Wed, 15 Jul 2026 16:51:26] [INFO] [abstract_scenario.py:31:info] 

[FedML-Client @device-id-0] [Wed, 15 Jul 2026 16:51:26] [INFO] [abstract_scenario.py:31:info]   z:
[FedML-Client @device-id-0] [Wed, 15 Jul 2026 16:51:26] [INFO] [abstract_scenario.py:31:info]  
[FedML-Client @device-id-0] [Wed, 15 Jul 2026 16:51:26] [INFO] [abstract_scenario.py:31:info] ndarray
[FedML-Client @device-id-0] [Wed, 15 Jul 2026 16:51:26] [INFO] [abstract_scenario.py:31:info]  
[FedML-Client @device-id-0] [Wed, 15 Jul 2026 16:51:26] [INFO] [abstract_scenario.py:31:info] (float64): 
[FedML-Client @device-id-0] [Wed, 15 Jul 2026 16:51:26] [INFO] [abstract_scenario.py:31:info]  
[FedML-Client @device-id-0] [Wed, 15 Jul 2026 16:51:26] [INFO] [abstract_scenario.py:31:info] 20000x2
[FedML-Client @device-id-0] [Wed, 15 Jul 2026 16:51:26] [INFO] [abstract_scenario.py:31:info] 

[FedML-Client @device-id-0] [Wed, 15 Jul 2026 16:51:26] [INFO] [abstract_scenario.py:31:info]   y:
[FedML-Client @device-id-0] [Wed, 15 Jul 2026 16:51:26] [INFO] [abstract_scenario.py:31:info]  
[FedML-Client @device-id-0] [Wed, 15 Jul 2026 16:51:26] [INFO] [abstract_scenario.py:31:info] ndarray
[FedML-Client @device-id-0] [Wed, 15 Jul 2026 16:51:26] [INFO] [abstract_scenario.py:31:info]  
[FedML-Client @device-id-0] [Wed, 15 Jul 2026 16:51:26] [INFO] [abstract_scenario.py:31:info] (float64): 
[FedML-Client @device-id-0] [Wed, 15 Jul 2026 16:51:26] [INFO] [abstract_scenario.py:31:info]  
[FedML-Client @device-id-0] [Wed, 15 Jul 2026 16:51:26] [INFO] [abstract_scenario.py:31:info] 20000x1
[FedML-Client @device-id-0] [Wed, 15 Jul 2026 16:51:26] [INFO] [abstract_scenario.py:31:info] 

[FedML-Client @device-id-0] [Wed, 15 Jul 2026 16:51:26] [INFO] [abstract_scenario.py:31:info]   g:
[FedML-Client @device-id-0] [Wed, 15 Jul 2026 16:51:26] [INFO] [abstract_scenario.py:31:info]  
[FedML-Client @device-id-0] [Wed, 15 Jul 2026 16:51:26] [INFO] [abstract_scenario.py:31:info] ndarray
[FedML-Client @device-id-0] [Wed, 15 Jul 2026 16:51:26] [INFO] [abstract_scenario.py:31:info]  
[FedML-Client @device-id-0] [Wed, 15 Jul 2026 16:51:26] [INFO] [abstract_scenario.py:31:info] (float64): 
[FedML-Client @device-id-0] [Wed, 15 Jul 2026 16:51:26] [INFO] [abstract_scenario.py:31:info]  
[FedML-Client @device-id-0] [Wed, 15 Jul 2026 16:51:26] [INFO] [abstract_scenario.py:31:info] 20000x1
[FedML-Client @device-id-0] [Wed, 15 Jul 2026 16:51:26] [INFO] [abstract_scenario.py:31:info] 

[FedML-Client @device-id-0] [Wed, 15 Jul 2026 16:51:26] [INFO] [abstract_scenario.py:31:info]   w:
[FedML-Client @device-id-0] [Wed, 15 Jul 2026 16:51:26] [INFO] [abstract_scenario.py:31:info]  
[FedML-Client @device-id-0] [Wed, 15 Jul 2026 16:51:26] [INFO] [abstract_scenario.py:31:info] ndarray
[FedML-Client @device-id-0] [Wed, 15 Jul 2026 16:51:26] [INFO] [abstract_scenario.py:31:info]  
[FedML-Client @device-id-0] [Wed, 15 Jul 2026 16:51:26] [INFO] [abstract_scenario.py:31:info] (float64): 
[FedML-Client @device-id-0] [Wed, 15 Jul 2026 16:51:26] [INFO] [abstract_scenario.py:31:info]  
[FedML-Client @device-id-0] [Wed, 15 Jul 2026 16:51:26] [INFO] [abstract_scenario.py:31:info] 20000x1
[FedML-Client @device-id-0] [Wed, 15 Jul 2026 16:51:26] [INFO] [abstract_scenario.py:31:info] 

[FedML-Client @device-id-0] [Wed, 15 Jul 2026 16:51:26] [INFO] [abstract_scenario.py:116:info] train
[FedML-Client @device-id-0] [Wed, 15 Jul 2026 16:51:26] [INFO] [abstract_scenario.py:116:info] 

[FedML-Client @device-id-0] [Wed, 15 Jul 2026 16:51:26] [INFO] [abstract_scenario.py:31:info]   x:
[FedML-Client @device-id-0] [Wed, 15 Jul 2026 16:51:26] [INFO] [abstract_scenario.py:31:info]  
[FedML-Client @device-id-0] [Wed, 15 Jul 2026 16:51:26] [INFO] [abstract_scenario.py:31:info] ndarray
[FedML-Client @device-id-0] [Wed, 15 Jul 2026 16:51:26] [INFO] [abstract_scenario.py:31:info]  
[FedML-Client @device-id-0] [Wed, 15 Jul 2026 16:51:26] [INFO] [abstract_scenario.py:31:info] (float64): 
[FedML-Client @device-id-0] [Wed, 15 Jul 2026 16:51:26] [INFO] [abstract_scenario.py:31:info]  
[FedML-Client @device-id-0] [Wed, 15 Jul 2026 16:51:26] [INFO] [abstract_scenario.py:31:info] 20000x1
[FedML-Client @device-id-0] [Wed, 15 Jul 2026 16:51:26] [INFO] [abstract_scenario.py:31:info] 

[FedML-Client @device-id-0] [Wed, 15 Jul 2026 16:51:26] [INFO] [abstract_scenario.py:33:info]       min: -6.13
[FedML-Client @device-id-0] [Wed, 15 Jul 2026 16:51:26] [INFO] [abstract_scenario.py:33:info]  
[FedML-Client @device-id-0] [Wed, 15 Jul 2026 16:51:26] [INFO] [abstract_scenario.py:33:info] , max: 5.79
[FedML-Client @device-id-0] [Wed, 15 Jul 2026 16:51:26] [INFO] [abstract_scenario.py:33:info] 

[FedML-Client @device-id-0] [Wed, 15 Jul 2026 16:51:26] [INFO] [abstract_scenario.py:31:info]   z:
[FedML-Client @device-id-0] [Wed, 15 Jul 2026 16:51:26] [INFO] [abstract_scenario.py:31:info]  
[FedML-Client @device-id-0] [Wed, 15 Jul 2026 16:51:26] [INFO] [abstract_scenario.py:31:info] ndarray
[FedML-Client @device-id-0] [Wed, 15 Jul 2026 16:51:26] [INFO] [abstract_scenario.py:31:info]  
[FedML-Client @device-id-0] [Wed, 15 Jul 2026 16:51:26] [INFO] [abstract_scenario.py:31:info] (float64): 
[FedML-Client @device-id-0] [Wed, 15 Jul 2026 16:51:26] [INFO] [abstract_scenario.py:31:info]  
[FedML-Client @device-id-0] [Wed, 15 Jul 2026 16:51:26] [INFO] [abstract_scenario.py:31:info] 20000x2
[FedML-Client @device-id-0] [Wed, 15 Jul 2026 16:51:26] [INFO] [abstract_scenario.py:31:info] 

[FedML-Client @device-id-0] [Wed, 15 Jul 2026 16:51:26] [INFO] [abstract_scenario.py:33:info]       min: -3.00
[FedML-Client @device-id-0] [Wed, 15 Jul 2026 16:51:26] [INFO] [abstract_scenario.py:33:info]  
[FedML-Client @device-id-0] [Wed, 15 Jul 2026 16:51:26] [INFO] [abstract_scenario.py:33:info] , max: 3.00
[FedML-Client @device-id-0] [Wed, 15 Jul 2026 16:51:26] [INFO] [abstract_scenario.py:33:info] 

[FedML-Client @device-id-0] [Wed, 15 Jul 2026 16:51:26] [INFO] [abstract_scenario.py:31:info]   y:
[FedML-Client @device-id-0] [Wed, 15 Jul 2026 16:51:26] [INFO] [abstract_scenario.py:31:info]  
[FedML-Client @device-id-0] [Wed, 15 Jul 2026 16:51:26] [INFO] [abstract_scenario.py:31:info] ndarray
[FedML-Client @device-id-0] [Wed, 15 Jul 2026 16:51:26] [INFO] [abstract_scenario.py:31:info]  
[FedML-Client @device-id-0] [Wed, 15 Jul 2026 16:51:26] [INFO] [abstract_scenario.py:31:info] (float64): 
[FedML-Client @device-id-0] [Wed, 15 Jul 2026 16:51:26] [INFO] [abstract_scenario.py:31:info]  
[FedML-Client @device-id-0] [Wed, 15 Jul 2026 16:51:26] [INFO] [abstract_scenario.py:31:info] 20000x1
[FedML-Client @device-id-0] [Wed, 15 Jul 2026 16:51:26] [INFO] [abstract_scenario.py:31:info] 

[FedML-Client @device-id-0] [Wed, 15 Jul 2026 16:51:26] [INFO] [abstract_scenario.py:33:info]       min: -4.02
[FedML-Client @device-id-0] [Wed, 15 Jul 2026 16:51:26] [INFO] [abstract_scenario.py:33:info]  
[FedML-Client @device-id-0] [Wed, 15 Jul 2026 16:51:26] [INFO] [abstract_scenario.py:33:info] , max: 3.69
[FedML-Client @device-id-0] [Wed, 15 Jul 2026 16:51:26] [INFO] [abstract_scenario.py:33:info] 

[FedML-Client @device-id-0] [Wed, 15 Jul 2026 16:51:26] [INFO] [abstract_scenario.py:31:info]   g:
[FedML-Client @device-id-0] [Wed, 15 Jul 2026 16:51:26] [INFO] [abstract_scenario.py:31:info]  
[FedML-Client @device-id-0] [Wed, 15 Jul 2026 16:51:26] [INFO] [abstract_scenario.py:31:info] ndarray
[FedML-Client @device-id-0] [Wed, 15 Jul 2026 16:51:26] [INFO] [abstract_scenario.py:31:info]  
[FedML-Client @device-id-0] [Wed, 15 Jul 2026 16:51:26] [INFO] [abstract_scenario.py:31:info] (float64): 
[FedML-Client @device-id-0] [Wed, 15 Jul 2026 16:51:26] [INFO] [abstract_scenario.py:31:info]  
[FedML-Client @device-id-0] [Wed, 15 Jul 2026 16:51:26] [INFO] [abstract_scenario.py:31:info] 20000x1
[FedML-Client @device-id-0] [Wed, 15 Jul 2026 16:51:26] [INFO] [abstract_scenario.py:31:info] 

[FedML-Client @device-id-0] [Wed, 15 Jul 2026 16:51:26] [INFO] [abstract_scenario.py:33:info]       min: -0.31
[FedML-Client @device-id-0] [Wed, 15 Jul 2026 16:51:26] [INFO] [abstract_scenario.py:33:info]  
[FedML-Client @device-id-0] [Wed, 15 Jul 2026 16:51:26] [INFO] [abstract_scenario.py:33:info] , max: 0.32
[FedML-Client @device-id-0] [Wed, 15 Jul 2026 16:51:26] [INFO] [abstract_scenario.py:33:info] 

[FedML-Client @device-id-0] [Wed, 15 Jul 2026 16:51:26] [INFO] [abstract_scenario.py:31:info]   w:
[FedML-Client @device-id-0] [Wed, 15 Jul 2026 16:51:26] [INFO] [abstract_scenario.py:31:info]  
[FedML-Client @device-id-0] [Wed, 15 Jul 2026 16:51:26] [INFO] [abstract_scenario.py:31:info] ndarray
[FedML-Client @device-id-0] [Wed, 15 Jul 2026 16:51:26] [INFO] [abstract_scenario.py:31:info]  
[FedML-Client @device-id-0] [Wed, 15 Jul 2026 16:51:26] [INFO] [abstract_scenario.py:31:info] (float64): 
[FedML-Client @device-id-0] [Wed, 15 Jul 2026 16:51:26] [INFO] [abstract_scenario.py:31:info]  
[FedML-Client @device-id-0] [Wed, 15 Jul 2026 16:51:26] [INFO] [abstract_scenario.py:31:info] 20000x1
[FedML-Client @device-id-0] [Wed, 15 Jul 2026 16:51:26] [INFO] [abstract_scenario.py:31:info] 

[FedML-Client @device-id-0] [Wed, 15 Jul 2026 16:51:26] [INFO] [abstract_scenario.py:33:info]       min: -6.13
[FedML-Client @device-id-0] [Wed, 15 Jul 2026 16:51:26] [INFO] [abstract_scenario.py:33:info]  
[FedML-Client @device-id-0] [Wed, 15 Jul 2026 16:51:26] [INFO] [abstract_scenario.py:33:info] , max: 5.79
[FedML-Client @device-id-0] [Wed, 15 Jul 2026 16:51:26] [INFO] [abstract_scenario.py:33:info] 

[FedML-Client @device-id-0] [Wed, 15 Jul 2026 16:51:26] [INFO] [abstract_scenario.py:116:info] dev
[FedML-Client @device-id-0] [Wed, 15 Jul 2026 16:51:26] [INFO] [abstract_scenario.py:116:info] 

[FedML-Client @device-id-0] [Wed, 15 Jul 2026 16:51:26] [INFO] [abstract_scenario.py:31:info]   x:
[FedML-Client @device-id-0] [Wed, 15 Jul 2026 16:51:26] [INFO] [abstract_scenario.py:31:info]  
[FedML-Client @device-id-0] [Wed, 15 Jul 2026 16:51:26] [INFO] [abstract_scenario.py:31:info] ndarray
[FedML-Client @device-id-0] [Wed, 15 Jul 2026 16:51:26] [INFO] [abstract_scenario.py:31:info]  
[FedML-Client @device-id-0] [Wed, 15 Jul 2026 16:51:26] [INFO] [abstract_scenario.py:31:info] (float64): 
[FedML-Client @device-id-0] [Wed, 15 Jul 2026 16:51:26] [INFO] [abstract_scenario.py:31:info]  
[FedML-Client @device-id-0] [Wed, 15 Jul 2026 16:51:26] [INFO] [abstract_scenario.py:31:info] 20000x1
[FedML-Client @device-id-0] [Wed, 15 Jul 2026 16:51:26] [INFO] [abstract_scenario.py:31:info] 

[FedML-Client @device-id-0] [Wed, 15 Jul 2026 16:51:26] [INFO] [abstract_scenario.py:31:info]   z:
[FedML-Client @device-id-0] [Wed, 15 Jul 2026 16:51:26] [INFO] [abstract_scenario.py:31:info]  
[FedML-Client @device-id-0] [Wed, 15 Jul 2026 16:51:26] [INFO] [abstract_scenario.py:31:info] ndarray
[FedML-Client @device-id-0] [Wed, 15 Jul 2026 16:51:26] [INFO] [abstract_scenario.py:31:info]  
[FedML-Client @device-id-0] [Wed, 15 Jul 2026 16:51:26] [INFO] [abstract_scenario.py:31:info] (float64): 
[FedML-Client @device-id-0] [Wed, 15 Jul 2026 16:51:26] [INFO] [abstract_scenario.py:31:info]  
[FedML-Client @device-id-0] [Wed, 15 Jul 2026 16:51:26] [INFO] [abstract_scenario.py:31:info] 20000x2
[FedML-Client @device-id-0] [Wed, 15 Jul 2026 16:51:26] [INFO] [abstract_scenario.py:31:info] 

[FedML-Client @device-id-0] [Wed, 15 Jul 2026 16:51:26] [INFO] [abstract_scenario.py:31:info]   y:
[FedML-Client @device-id-0] [Wed, 15 Jul 2026 16:51:26] [INFO] [abstract_scenario.py:31:info]  
[FedML-Client @device-id-0] [Wed, 15 Jul 2026 16:51:26] [INFO] [abstract_scenario.py:31:info] ndarray
[FedML-Client @device-id-0] [Wed, 15 Jul 2026 16:51:26] [INFO] [abstract_scenario.py:31:info]  
[FedML-Client @device-id-0] [Wed, 15 Jul 2026 16:51:26] [INFO] [abstract_scenario.py:31:info] (float64): 
[FedML-Client @device-id-0] [Wed, 15 Jul 2026 16:51:26] [INFO] [abstract_scenario.py:31:info]  
[FedML-Client @device-id-0] [Wed, 15 Jul 2026 16:51:26] [INFO] [abstract_scenario.py:31:info] 20000x1
[FedML-Client @device-id-0] [Wed, 15 Jul 2026 16:51:26] [INFO] [abstract_scenario.py:31:info] 

[FedML-Client @device-id-0] [Wed, 15 Jul 2026 16:51:26] [INFO] [abstract_scenario.py:31:info]   g:
[FedML-Client @device-id-0] [Wed, 15 Jul 2026 16:51:26] [INFO] [abstract_scenario.py:31:info]  
[FedML-Client @device-id-0] [Wed, 15 Jul 2026 16:51:26] [INFO] [abstract_scenario.py:31:info] ndarray
[FedML-Client @device-id-0] [Wed, 15 Jul 2026 16:51:26] [INFO] [abstract_scenario.py:31:info]  
[FedML-Client @device-id-0] [Wed, 15 Jul 2026 16:51:26] [INFO] [abstract_scenario.py:31:info] (float64): 
[FedML-Client @device-id-0] [Wed, 15 Jul 2026 16:51:26] [INFO] [abstract_scenario.py:31:info]  
[FedML-Client @device-id-0] [Wed, 15 Jul 2026 16:51:26] [INFO] [abstract_scenario.py:31:info] 20000x1
[FedML-Client @device-id-0] [Wed, 15 Jul 2026 16:51:26] [INFO] [abstract_scenario.py:31:info] 

[FedML-Client @device-id-0] [Wed, 15 Jul 2026 16:51:26] [INFO] [abstract_scenario.py:31:info]   w:
[FedML-Client @device-id-0] [Wed, 15 Jul 2026 16:51:26] [INFO] [abstract_scenario.py:31:info]  
[FedML-Client @device-id-0] [Wed, 15 Jul 2026 16:51:26] [INFO] [abstract_scenario.py:31:info] ndarray
[FedML-Client @device-id-0] [Wed, 15 Jul 2026 16:51:26] [INFO] [abstract_scenario.py:31:info]  
[FedML-Client @device-id-0] [Wed, 15 Jul 2026 16:51:26] [INFO] [abstract_scenario.py:31:info] (float64): 
[FedML-Client @device-id-0] [Wed, 15 Jul 2026 16:51:26] [INFO] [abstract_scenario.py:31:info]  
[FedML-Client @device-id-0] [Wed, 15 Jul 2026 16:51:26] [INFO] [abstract_scenario.py:31:info] 20000x1
[FedML-Client @device-id-0] [Wed, 15 Jul 2026 16:51:26] [INFO] [abstract_scenario.py:31:info] 

[FedML-Client @device-id-0] [Wed, 15 Jul 2026 16:51:26] [INFO] [model_hub.py:25:create] create_model. model_name = lr, output_dim = 1, dataset = step
[FedML-Client @device-id-0] [Wed, 15 Jul 2026 16:51:26] [INFO] [model_hub.py:28:create] MLPModel + DeepGMM for Zoo dataset: step
[FedML-Client @device-id-0] [Wed, 15 Jul 2026 16:51:27] [INFO] [fedavg_api.py:170:__init__] model = [[MLPModel(
  (model): Sequential(
    (0): Linear(in_features=1, out_features=20, bias=True)
    (1): LeakyReLU(negative_slope=0.01)
    (2): Linear(in_features=20, out_features=20, bias=True)
    (3): LeakyReLU(negative_slope=0.01)
    (4): Linear(in_features=20, out_features=1, bias=True)
  )
)], [MLPModel(
  (model): Sequential(
    (0): Linear(in_features=2, out_features=20, bias=True)
    (1): LeakyReLU(negative_slope=0.01)
    (2): Linear(in_features=20, out_features=20, bias=True)
    (3): LeakyReLU(negative_slope=0.01)
    (4): Linear(in_features=20, out_features=1, bias=True)
  )
)], [MLPModel(
  (model): Sequential(
    (0): Linear(in_features=1, out_features=20, bias=True)
    (1): LeakyReLU(negative_slope=0.01)
    (2): Linear(in_features=20, out_features=20, bias=True)
    (3): LeakyReLU(negative_slope=0.01)
    (4): Linear(in_features=20, out_features=1, bias=True)
  )
)]]
[FedML-Client @device-id-0] [Wed, 15 Jul 2026 16:51:27] [INFO] [model_selection_class.py:41:do_model_selection] starting learning args eval 0
[FedML-Client @device-id-0] [Wed, 15 Jul 2026 16:51:27] [INFO] [model_selection_class.py:41:do_model_selection] 

[FedML-Client @device-id-0] [Wed, 15 Jul 2026 16:51:48] [INFO] [model_selection_class.py:71:do_model_selection] learning eval:
[FedML-Client @device-id-0] [Wed, 15 Jul 2026 16:51:48] [INFO] [model_selection_class.py:71:do_model_selection]  
[FedML-Client @device-id-0] [Wed, 15 Jul 2026 16:51:48] [INFO] [model_selection_class.py:71:do_model_selection] 0.00032388507034181017
[FedML-Client @device-id-0] [Wed, 15 Jul 2026 16:51:48] [INFO] [model_selection_class.py:71:do_model_selection]  
[FedML-Client @device-id-0] [Wed, 15 Jul 2026 16:51:48] [INFO] [model_selection_class.py:71:do_model_selection] OptimalObjective::lambda_1=0.100000
[FedML-Client @device-id-0] [Wed, 15 Jul 2026 16:51:48] [INFO] [model_selection_class.py:71:do_model_selection]  
[FedML-Client @device-id-0] [Wed, 15 Jul 2026 16:51:48] [INFO] [model_selection_class.py:71:do_model_selection] CustomSGD:::'lr'=0.03:'momentum'=0.0
[FedML-Client @device-id-0] [Wed, 15 Jul 2026 16:51:48] [INFO] [model_selection_class.py:71:do_model_selection]  
[FedML-Client @device-id-0] [Wed, 15 Jul 2026 16:51:48] [INFO] [model_selection_class.py:71:do_model_selection] CustomSGD:::'lr'=0.44999999999999996:'momentum'=0.0
[FedML-Client @device-id-0] [Wed, 15 Jul 2026 16:51:48] [INFO] [model_selection_class.py:71:do_model_selection] 

[FedML-Client @device-id-0] [Wed, 15 Jul 2026 16:51:48] [INFO] [model_selection_class.py:90:do_model_selection] size of f_z collection:
[FedML-Client @device-id-0] [Wed, 15 Jul 2026 16:51:48] [INFO] [model_selection_class.py:90:do_model_selection]  
[FedML-Client @device-id-0] [Wed, 15 Jul 2026 16:51:48] [INFO] [model_selection_class.py:90:do_model_selection] 120
[FedML-Client @device-id-0] [Wed, 15 Jul 2026 16:51:48] [INFO] [model_selection_class.py:90:do_model_selection] 

[FedML-Client @device-id-0] [Wed, 15 Jul 2026 16:51:48] [INFO] [fedavg_api.py:379:_setup_clients] ############setup_clients (START)#############
[FedML-Client @device-id-0] [Wed, 15 Jul 2026 16:51:48] [INFO] [fedavg_api.py:396:_setup_clients] ############setup_clients (END)#############
[FedML-Client @device-id-0] [Wed, 15 Jul 2026 17:07:53] [INFO] [fedavg_api.py:690:train] MSE on test ------------------------------>>>>>>>>>>>>>>>>>>
[FedML-Client @device-id-0] [Wed, 15 Jul 2026 17:07:53] [INFO] [fedavg_api.py:690:train]  
[FedML-Client @device-id-0] [Wed, 15 Jul 2026 17:07:53] [INFO] [fedavg_api.py:690:train] 0.00658599741049196
[FedML-Client @device-id-0] [Wed, 15 Jul 2026 17:07:53] [INFO] [fedavg_api.py:690:train] 

DEBUG: Calling fedml.init()...
START curvefit_step_geetika_repro_fedogda_s_seed0_alpha0p5_T1500_R7_batch256_glr0p01_wd0p02_cm15_slr1p5 gpu=0
PASS curvefit_step_geetika_repro_fedogda_s_seed0_alpha0p5_T1500_R7_batch256_glr0p01_wd0p02_cm15_slr1p5
START curvefit_step_geetika_repro_fedgda_s_seed0_alpha0p5_T1500_R7_batch256_glr0p03_wd0p02_cm15_slr1p5 gpu=0
PASS curvefit_step_geetika_repro_fedgda_s_seed0_alpha0p5_T1500_R7_batch256_glr0p03_wd0p02_cm15_slr1p5
START curvefit_step_geetika_repro_fedogda_d_partialfb_seed0_alpha0p5_T1500_R7_batch0_glr0p01_wd0p02_cm15_slr1p5 gpu=0
PASS curvefit_step_geetika_repro_fedogda_d_partialfb_seed0_alpha0p5_T1500_R7_batch0_glr0p01_wd0p02_cm15_slr1p5
START curvefit_step_geetika_repro_fedgda_d_partialfb_seed0_alpha0p5_T1500_R7_batch0_glr0p03_wd0p02_cm15_slr1p5 gpu=0
PASS curvefit_step_geetika_repro_fedgda_d_partialfb_seed0_alpha0p5_T1500_R7_batch0_glr0p03_wd0p02_cm15_slr1p5
{
  "failed": 0,
  "jobs": 4,
  "passed": 4,
  "results_json": "experiments/curve_fitting_tuning/step_geetika_repro_v1/run_results.json",
  "skipped_completed": 0
}
